Archive member included to satisfy reference by file (symbol)

c:/st/stm32cubeide_1.6.1/stm32cubeide/plugins/com.st.stm32cube.ide.mcu.externaltools.gnu-tools-for-stm32.9-2020-q2-update.win32_1.5.0.202011040924/tools/bin/../lib/gcc/arm-none-eabi/9.3.1/../../../../arm-none-eabi/lib/thumb/v7e-m+fp/hard\libc_nano.a(lib_a-errno.o)
                              Core/Src/syscalls.o (__errno)
c:/st/stm32cubeide_1.6.1/stm32cubeide/plugins/com.st.stm32cube.ide.mcu.externaltools.gnu-tools-for-stm32.9-2020-q2-update.win32_1.5.0.202011040924/tools/bin/../lib/gcc/arm-none-eabi/9.3.1/../../../../arm-none-eabi/lib/thumb/v7e-m+fp/hard\libc_nano.a(lib_a-exit.o)
                              c:/st/stm32cubeide_1.6.1/stm32cubeide/plugins/com.st.stm32cube.ide.mcu.externaltools.gnu-tools-for-stm32.9-2020-q2-update.win32_1.5.0.202011040924/tools/bin/../lib/gcc/arm-none-eabi/9.3.1/../../../../arm-none-eabi/lib/thumb/v7e-m+fp/hard/crt0.o (exit)
c:/st/stm32cubeide_1.6.1/stm32cubeide/plugins/com.st.stm32cube.ide.mcu.externaltools.gnu-tools-for-stm32.9-2020-q2-update.win32_1.5.0.202011040924/tools/bin/../lib/gcc/arm-none-eabi/9.3.1/../../../../arm-none-eabi/lib/thumb/v7e-m+fp/hard\libc_nano.a(lib_a-impure.o)
                              c:/st/stm32cubeide_1.6.1/stm32cubeide/plugins/com.st.stm32cube.ide.mcu.externaltools.gnu-tools-for-stm32.9-2020-q2-update.win32_1.5.0.202011040924/tools/bin/../lib/gcc/arm-none-eabi/9.3.1/../../../../arm-none-eabi/lib/thumb/v7e-m+fp/hard\libc_nano.a(lib_a-exit.o) (_global_impure_ptr)
c:/st/stm32cubeide_1.6.1/stm32cubeide/plugins/com.st.stm32cube.ide.mcu.externaltools.gnu-tools-for-stm32.9-2020-q2-update.win32_1.5.0.202011040924/tools/bin/../lib/gcc/arm-none-eabi/9.3.1/../../../../arm-none-eabi/lib/thumb/v7e-m+fp/hard\libc_nano.a(lib_a-init.o)
                              c:/st/stm32cubeide_1.6.1/stm32cubeide/plugins/com.st.stm32cube.ide.mcu.externaltools.gnu-tools-for-stm32.9-2020-q2-update.win32_1.5.0.202011040924/tools/bin/../lib/gcc/arm-none-eabi/9.3.1/../../../../arm-none-eabi/lib/thumb/v7e-m+fp/hard/crt0.o (__libc_init_array)
c:/st/stm32cubeide_1.6.1/stm32cubeide/plugins/com.st.stm32cube.ide.mcu.externaltools.gnu-tools-for-stm32.9-2020-q2-update.win32_1.5.0.202011040924/tools/bin/../lib/gcc/arm-none-eabi/9.3.1/../../../../arm-none-eabi/lib/thumb/v7e-m+fp/hard\libc_nano.a(lib_a-memcpy-stub.o)
                              Middlewares/Third_Party/FreeRTOS/Source/queue.o (memcpy)
c:/st/stm32cubeide_1.6.1/stm32cubeide/plugins/com.st.stm32cube.ide.mcu.externaltools.gnu-tools-for-stm32.9-2020-q2-update.win32_1.5.0.202011040924/tools/bin/../lib/gcc/arm-none-eabi/9.3.1/../../../../arm-none-eabi/lib/thumb/v7e-m+fp/hard\libc_nano.a(lib_a-memset.o)
                              c:/st/stm32cubeide_1.6.1/stm32cubeide/plugins/com.st.stm32cube.ide.mcu.externaltools.gnu-tools-for-stm32.9-2020-q2-update.win32_1.5.0.202011040924/tools/bin/../lib/gcc/arm-none-eabi/9.3.1/../../../../arm-none-eabi/lib/thumb/v7e-m+fp/hard/crt0.o (memset)
c:/st/stm32cubeide_1.6.1/stm32cubeide/plugins/com.st.stm32cube.ide.mcu.externaltools.gnu-tools-for-stm32.9-2020-q2-update.win32_1.5.0.202011040924/tools/bin/../lib/gcc/arm-none-eabi/9.3.1/thumb/v7e-m+fp/hard\libgcc.a(_aeabi_uldivmod.o)
                              Drivers/STM32L4xx_HAL_Driver/Src/stm32l4xx_hal_uart.o (__aeabi_uldivmod)
c:/st/stm32cubeide_1.6.1/stm32cubeide/plugins/com.st.stm32cube.ide.mcu.externaltools.gnu-tools-for-stm32.9-2020-q2-update.win32_1.5.0.202011040924/tools/bin/../lib/gcc/arm-none-eabi/9.3.1/thumb/v7e-m+fp/hard\libgcc.a(_udivmoddi4.o)
                              c:/st/stm32cubeide_1.6.1/stm32cubeide/plugins/com.st.stm32cube.ide.mcu.externaltools.gnu-tools-for-stm32.9-2020-q2-update.win32_1.5.0.202011040924/tools/bin/../lib/gcc/arm-none-eabi/9.3.1/thumb/v7e-m+fp/hard\libgcc.a(_aeabi_uldivmod.o) (__udivmoddi4)
c:/st/stm32cubeide_1.6.1/stm32cubeide/plugins/com.st.stm32cube.ide.mcu.externaltools.gnu-tools-for-stm32.9-2020-q2-update.win32_1.5.0.202011040924/tools/bin/../lib/gcc/arm-none-eabi/9.3.1/thumb/v7e-m+fp/hard\libgcc.a(_dvmd_tls.o)
                              c:/st/stm32cubeide_1.6.1/stm32cubeide/plugins/com.st.stm32cube.ide.mcu.externaltools.gnu-tools-for-stm32.9-2020-q2-update.win32_1.5.0.202011040924/tools/bin/../lib/gcc/arm-none-eabi/9.3.1/thumb/v7e-m+fp/hard\libgcc.a(_aeabi_uldivmod.o) (__aeabi_ldiv0)

Allocating common symbols
Common symbol       size              file

defaultTaskHandle   0x4               Core/Src/freertos.o
Thread1_Profiler    0x4               Core/Src/freertos.o
Tread2Handle        0x4               Core/Src/freertos.o
tx_mutexHandle      0x4               Core/Src/freertos.o
uwTick              0x4               Drivers/STM32L4xx_HAL_Driver/Src/stm32l4xx_hal.o
xQueueRegistry      0x40              Middlewares/Third_Party/FreeRTOS/Source/queue.o
htim3               0x4c              Core/Src/stm32l4xx_hal_timebase_tim.o
hadc1               0x64              Core/Src/adc.o
DefaultThread_Profiler
[...]
Memory Configuration

Name             Origin             Length             Attributes
RAM              0x0000000020000000 0x0000000000018000 xrw
RAM2             0x0000000010000000 0x0000000000008000 xrw
FLASH            0x0000000008000000 0x0000000000100000 xr
*default*        0x0000000000000000 0xffffffffffffffff

Linker script and memory map

LOAD c:/st/stm32cubeide_1.6.1/stm32cubeide/plugins/com.st.stm32cube.ide.mcu.externaltools.gnu-tools-for-stm32.9-2020-q2-update.win32_1.5.0.202011040924/tools/bin/../lib/gcc/arm-none-eabi/9.3.1/thumb/v7e-m+fp/hard/crti.o
LOAD c:/st/stm32cubeide_1.6.1/stm32cubeide/plugins/com.st.stm32cube.ide.mcu.externaltools.gnu-tools-for-stm32.9-2020-q2-update.win32_1.5.0.202011040924/tools/bin/../lib/gcc/arm-none-eabi/9.3.1/thumb/v7e-m+fp/hard/crtbegin.o
LOAD c:/st/stm32cubeide_1.6.1/stm32cubeide/plugins/com.st.stm32cube.ide.mcu.externaltools.gnu-tools-for-stm32.9-2020-q2-update.win32_1.5.0.202011040924/tools/bin/../lib/gcc/arm-none-eabi/9.3.1/../../../../arm-none-eabi/lib/thumb/v7e-m+fp/hard/crt0.o
LOAD Core/Src/adc.o
LOAD Core/Src/dma.o
LOAD Core/Src/freertos.o
LOAD Core/Src/gpio.o
LOAD Core/Src/main.o
LOAD Core/Src/stm32l4xx_hal_msp.o
LOAD Core/Src/stm32l4xx_hal_timebase_tim.o
LOAD Core/Src/stm32l4xx_it.o
LOAD Core/Src/syscalls.o
LOAD Core/Src/sysmem.o
LOAD Core/Src/system_stm32l4xx.o
LOAD Core/Src/usart.o
LOAD Core/Startup/startup_stm32l476rgtx.o
LOAD Drivers/STM32L4xx_HAL_Driver/Src/stm32l4xx_hal.o
LOAD Drivers/STM32L4xx_HAL_Driver/Src/stm32l4xx_hal_adc.o
LOAD Drivers/STM32L4xx_HAL_Driver/Src/stm32l4xx_hal_adc_ex.o
LOAD Drivers/STM32L4xx_HAL_Driver/Src/stm32l4xx_hal_cortex.o
LOAD Drivers/STM32L4xx_HAL_Driver/Src/stm32l4xx_hal_dma.o
LOAD Drivers/STM32L4xx_HAL_Driver/Src/stm32l4xx_hal_dma_ex.o
LOAD Drivers/STM32L4xx_HAL_Driver/Src/stm32l4xx_hal_exti.o
LOAD Drivers/STM32L4xx_HAL_Driver/Src/stm32l4xx_hal_flash.o
LOAD Drivers/STM32L4xx_HAL_Driver/Src/stm32l4xx_hal_flash_ex.o
LOAD Drivers/STM32L4xx_HAL_Driver/Src/stm32l4xx_hal_flash_ramfunc.o
LOAD Drivers/STM32L4xx_HAL_Driver/Src/stm32l4xx_hal_gpio.o
LOAD Drivers/STM32L4xx_HAL_Driver/Src/stm32l4xx_hal_i2c.o
LOAD Drivers/STM32L4xx_HAL_Driver/Src/stm32l4xx_hal_i2c_ex.o
LOAD Drivers/STM32L4xx_HAL_Driver/Src/stm32l4xx_hal_pwr.o
LOAD Drivers/STM32L4xx_HAL_Driver/Src/stm32l4xx_hal_pwr_ex.o
LOAD Drivers/STM32L4xx_HAL_Driver/Src/stm32l4xx_hal_rcc.o
LOAD Drivers/STM32L4xx_HAL_Driver/Src/stm32l4xx_hal_rcc_ex.o
LOAD Drivers/STM32L4xx_HAL_Driver/Src/stm32l4xx_hal_tim.o
LOAD Drivers/STM32L4xx_HAL_Driver/Src/stm32l4xx_hal_tim_ex.o
LOAD Drivers/STM32L4xx_HAL_Driver/Src/stm32l4xx_hal_uart.o
LOAD Drivers/STM32L4xx_HAL_Driver/Src/stm32l4xx_hal_uart_ex.o
LOAD Middlewares/Third_Party/FreeRTOS/Source/CMSIS_RTOS/cmsis_os.o
LOAD Middlewares/Third_Party/FreeRTOS/Source/croutine.o
LOAD Middlewares/Third_Party/FreeRTOS/Source/event_groups.o
LOAD Middlewares/Third_Party/FreeRTOS/Source/list.o
LOAD Middlewares/Third_Party/FreeRTOS/Source/queue.o
LOAD Middlewares/Third_Party/FreeRTOS/Source/stream_buffer.o
LOAD Middlewares/Third_Party/FreeRTOS/Source/tasks.o
LOAD Middlewares/Third_Party/FreeRTOS/Source/timers.o
LOAD Middlewares/Third_Party/FreeRTOS/Source/portable/GCC/ARM_CM4F/port.o
LOAD Middlewares/Third_Party/FreeRTOS/Source/portable/MemMang/heap_4.o
START GROUP
LOAD c:/st/stm32cubeide_1.6.1/stm32cubeide/plugins/com.st.stm32cube.ide.mcu.externaltools.gnu-tools-for-stm32.9-2020-q2-update.win32_1.5.0.202011040924/tools/bin/../lib/gcc/arm-none-eabi/9.3.1/../../../../arm-none-eabi/lib/thumb/v7e-m+fp/hard\libc_nano.a
LOAD c:/st/stm32cubeide_1.6.1/stm32cubeide/plugins/com.st.stm32cube.ide.mcu.externaltools.gnu-tools-for-stm32.9-2020-q2-update.win32_1.5.0.202011040924/tools/bin/../lib/gcc/arm-none-eabi/9.3.1/../../../../arm-none-eabi/lib/thumb/v7e-m+fp/hard\libm.a
END GROUP
START GROUP
LOAD c:/st/stm32cubeide_1.6.1/stm32cubeide/plugins/com.st.stm32cube.ide.mcu.externaltools.gnu-tools-for-stm32.9-2020-q2-update.win32_1.5.0.202011040924/tools/bin/../lib/gcc/arm-none-eabi/9.3.1/thumb/v7e-m+fp/hard\libgcc.a
LOAD c:/st/stm32cubeide_1.6.1/stm32cubeide/plugins/com.st.stm32cube.ide.mcu.externaltools.gnu-tools-for-stm32.9-2020-q2-update.win32_1.5.0.202011040924/tools/bin/../lib/gcc/arm-none-eabi/9.3.1/../../../../arm-none-eabi/lib/thumb/v7e-m+fp/hard\libc_nano.a
END GROUP
START GROUP
LOAD c:/st/stm32cubeide_1.6.1/stm32cubeide/plugins/com.st.stm32cube.ide.mcu.externaltools.gnu-tools-for-stm32.9-2020-q2-update.win32_1.5.0.202011040924/tools/bin/../lib/gcc/arm-none-eabi/9.3.1/thumb/v7e-m+fp/hard\libgcc.a
LOAD c:/st/stm32cubeide_1.6.1/stm32cubeide/plugins/com.st.stm32cube.ide.mcu.externaltools.gnu-tools-for-stm32.9-2020-q2-update.win32_1.5.0.202011040924/tools/bin/../lib/gcc/arm-none-eabi/9.3.1/../../../../arm-none-eabi/lib/thumb/v7e-m+fp/hard\libc_nano.a
LOAD c:/st/stm32cubeide_1.6.1/stm32cubeide/plugins/com.st.stm32cube.ide.mcu.externaltools.gnu-tools-for-stm32.9-2020-q2-update.win32_1.5.0.202011040924/tools/bin/../lib/gcc/arm-none-eabi/9.3.1/../../../../arm-none-eabi/lib/thumb/v7e-m+fp/hard\libnosys.a
END GROUP
START GROUP
LOAD c:/st/stm32cubeide_1.6.1/stm32cubeide/plugins/com.st.stm32cube.ide.mcu.externaltools.gnu-tools-for-stm32.9-2020-q2-update.win32_1.5.0.202011040924/tools/bin/../lib/gcc/arm-none-eabi/9.3.1/thumb/v7e-m+fp/hard\libgcc.a
LOAD c:/st/stm32cubeide_1.6.1/stm32cubeide/plugins/com.st.stm32cube.ide.mcu.externaltools.gnu-tools-for-stm32.9-2020-q2-update.win32_1.5.0.202011040924/tools/bin/../lib/gcc/arm-none-eabi/9.3.1/../../../../arm-none-eabi/lib/thumb/v7e-m+fp/hard\libc_nano.a
LOAD c:/st/stm32cubeide_1.6.1/stm32cubeide/plugins/com.st.stm32cube.ide.mcu.externaltools.gnu-tools-for-stm32.9-2020-q2-update.win32_1.5.0.202011040924/tools/bin/../lib/gcc/arm-none-eabi/9.3.1/../../../../arm-none-eabi/lib/thumb/v7e-m+fp/hard\libnosys.a
END GROUP
LOAD c:/st/stm32cubeide_1.6.1/stm32cubeide/plugins/com.st.stm32cube.ide.mcu.externaltools.gnu-tools-for-stm32.9-2020-q2-update.win32_1.5.0.202011040924/tools/bin/../lib/gcc/arm-none-eabi/9.3.1/thumb/v7e-m+fp/hard/crtend.o
LOAD c:/st/stm32cubeide_1.6.1/stm32cubeide/plugins/com.st.stm32cube.ide.mcu.externaltools.gnu-tools-for-stm32.9-2020-q2-update.win32_1.5.0.202011040924/tools/bin/../lib/gcc/arm-none-eabi/9.3.1/thumb/v7e-m+fp/hard/crtn.o
                0x0000000020018000                _estack = (ORIGIN (RAM) + LENGTH (RAM))
                0x0000000000002000                _Min_Heap_Size = 0x2000
                0x0000000000004000                _Min_Stack_Size = 0x4000

.isr_vector     0x0000000008000000      0x188
                0x0000000008000000                . = ALIGN (0x4)
 *(.isr_vector)
 .isr_vector    0x0000000008000000      0x188 Core/Startup/startup_stm32l476rgtx.o
                0x0000000008000000                g_pfnVectors
                0x0000000008000188                . = ALIGN (0x4)

.text           0x0000000008000190     0x70d8
                0x0000000008000190                . = ALIGN (0x4)
 *(.text)
 .text          0x0000000008000190       0x40 c:/st/stm32cubeide_1.6.1/stm32cubeide/plugins/com.st.stm32cube.ide.mcu.externaltools.gnu-tools-for-stm32.9-2020-q2-update.win32_1.5.0.202011040924/tools/bin/../lib/gcc/arm-none-eabi/9.3.1/thumb/v7e-m+fp/hard/crtbegin.o
 .text          0x00000000080001d0       0x30 c:/st/stm32cubeide_1.6.1/stm32cubeide/plugins/com.st.stm32cube.ide.mcu.externaltools.gnu-tools-for-stm32.9-2020-q2-update.win32_1.5.0.202011040924/tools/bin/../lib/gcc/arm-none-eabi/9.3.1/thumb/v7e-m+fp/hard\libgcc.a(_aeabi_uldivmod.o)
                0x00000000080001d0                __aeabi_uldivmod
 .text          0x0000000008000200      0x2c4 c:/st/stm32cubeide_1.6.1/stm32cubeide/plugins/com.st.stm32cube.ide.mcu.externaltools.gnu-tools-for-stm32.9-2020-q2-update.win32_1.5.0.202011040924/tools/bin/../lib/gcc/arm-none-eabi/9.3.1/thumb/v7e-m+fp/hard\libgcc.a(_udivmoddi4.o)
                0x0000000008000200                __udivmoddi4
 .text          0x00000000080004c4        0x4 c:/st/stm32cubeide_1.6.1/stm32cubeide/plugins/com.st.stm32cube.ide.mcu.externaltools.gnu-tools-for-stm32.9-2020-q2-update.win32_1.5.0.202011040924/tools/bin/../lib/gcc/arm-none-eabi/9.3.1/thumb/v7e-m+fp/hard\libgcc.a(_dvmd_tls.o)
                0x00000000080004c4                __aeabi_idiv0
                0x00000000080004c4                __aeabi_ldiv0
 *(.text*)
 .text.MX_ADC1_Init
                0x00000000080004c8      0x150 Core/Src/adc.o
                0x00000000080004c8                MX_ADC1_Init
 .text.HAL_ADC_MspInit
                0x0000000008000618      0x130 Core/Src/adc.o
                0x0000000008000618                HAL_ADC_MspInit
 .text.MX_DMA_Init
                0x0000000008000748       0x3c Core/Src/dma.o
                0x0000000008000748                MX_DMA_Init
 .text.vApplicationGetIdleTaskMemory
                0x0000000008000784       0x34 Core/Src/freertos.o
                0x0000000008000784                vApplicationGetIdleTaskMemory
 .text.MX_FREERTOS_Init
                0x00000000080007b8       0xc4 Core/Src/freertos.o
                0x00000000080007b8                MX_FREERTOS_Init
 .text.StartDefaultTask
                0x000000000800087c       0x20 Core/Src/freertos.o
                0x000000000800087c                StartDefaultTask
 .text.Tread1Func
                0x000000000800089c       0x1a Core/Src/freertos.o
                0x000000000800089c                Tread1Func
 *fill*         0x00000000080008b6        0x2 
 .text.Tread2Func
                0x00000000080008b8       0x20 Core/Src/freertos.o
                0x00000000080008b8                Tread2Func
 .text.MX_GPIO_Init
                0x00000000080008d8       0xcc Core/Src/gpio.o
                0x00000000080008d8                MX_GPIO_Init
 .text.main     0x00000000080009a4       0x26 Core/Src/main.o
                0x00000000080009a4                main
 *fill*         0x00000000080009ca        0x2 
 .text.SystemClock_Config
                0x00000000080009cc       0xc4 Core/Src/main.o
                0x00000000080009cc                SystemClock_Config
 .text.HAL_TIM_PeriodElapsedCallback
                0x0000000008000a90       0x24 Core/Src/main.o
                0x0000000008000a90                HAL_TIM_PeriodElapsedCallback
 .text.Error_Handler
                0x0000000008000ab4        0xa Core/Src/main.o
                0x0000000008000ab4                Error_Handler
 *fill*         0x0000000008000abe        0x2 
 .text.HAL_MspInit
                0x0000000008000ac0       0x50 Core/Src/stm32l4xx_hal_msp.o
                0x0000000008000ac0                HAL_MspInit
 .text.HAL_InitTick
                0x0000000008000b10       0xf4 Core/Src/stm32l4xx_hal_timebase_tim.o
                0x0000000008000b10                HAL_InitTick
 .text.NMI_Handler
                0x0000000008000c04        0x6 Core/Src/stm32l4xx_it.o
                0x0000000008000c04                NMI_Handler
 .text.HardFault_Handler
                0x0000000008000c0a        0x6 Core/Src/stm32l4xx_it.o
                0x0000000008000c0a                HardFault_Handler
 .text.MemManage_Handler
                0x0000000008000c10        0x6 Core/Src/stm32l4xx_it.o
                0x0000000008000c10                MemManage_Handler
 .text.BusFault_Handler
                0x0000000008000c16        0x6 Core/Src/stm32l4xx_it.o
                0x0000000008000c16                BusFault_Handler
 .text.UsageFault_Handler
                0x0000000008000c1c        0x6 Core/Src/stm32l4xx_it.o
                0x0000000008000c1c                UsageFault_Handler
 .text.DebugMon_Handler
                0x0000000008000c22        0xe Core/Src/stm32l4xx_it.o
                0x0000000008000c22                DebugMon_Handler
 .text.DMA1_Channel1_IRQHandler
                0x0000000008000c30       0x14 Core/Src/stm32l4xx_it.o
                0x0000000008000c30                DMA1_Channel1_IRQHandler
 .text.TIM3_IRQHandler
                0x0000000008000c44       0x14 Core/Src/stm32l4xx_it.o
                0x0000000008000c44                TIM3_IRQHandler
 .text.SystemInit
                0x0000000008000c58       0x24 Core/Src/system_stm32l4xx.o
                0x0000000008000c58                SystemInit
 .text.MX_USART2_UART_Init
                0x0000000008000c7c       0x60 Core/Src/usart.o
                0x0000000008000c7c                MX_USART2_UART_Init
 .text.HAL_UART_MspInit
                0x0000000008000cdc       0xb8 Core/Src/usart.o
                0x0000000008000cdc                HAL_UART_MspInit
 .text.uart_outcrfl
                0x0000000008000d94       0x14 Core/Src/usart.o
                0x0000000008000d94                uart_outcrfl
 .text.uart_outchar
                0x0000000008000da8       0x28 Core/Src/usart.o
                0x0000000008000da8                uart_outchar
 .text.uart_outdec
                0x0000000008000dd0       0x50 Core/Src/usart.o
                0x0000000008000dd0                uart_outdec
 .text.uart_send_data
                0x0000000008000e20       0x26 Core/Src/usart.o
                0x0000000008000e20                uart_send_data
 *fill*         0x0000000008000e46        0x2 
 .text.Reset_Handler
                0x0000000008000e48       0x50 Core/Startup/startup_stm32l476rgtx.o
                0x0000000008000e48                Reset_Handler
 .text.Default_Handler
                0x0000000008000e98        0x2 Core/Startup/startup_stm32l476rgtx.o
                0x0000000008000e98                RTC_Alarm_IRQHandler
                0x0000000008000e98                EXTI2_IRQHandler
                0x0000000008000e98                TIM8_TRG_COM_IRQHandler
                0x0000000008000e98                TIM8_CC_IRQHandler
                0x0000000008000e98                TIM1_CC_IRQHandler
                0x0000000008000e98                TSC_IRQHandler
                0x0000000008000e98                TAMP_STAMP_IRQHandler
                0x0000000008000e98                EXTI3_IRQHandler
                0x0000000008000e98                LPTIM2_IRQHandler
                0x0000000008000e98                DFSDM1_FLT1_IRQHandler
                0x0000000008000e98                I2C3_ER_IRQHandler
                0x0000000008000e98                DFSDM1_FLT2_IRQHandler
                0x0000000008000e98                EXTI0_IRQHandler
                0x0000000008000e98                I2C2_EV_IRQHandler
                0x0000000008000e98                CAN1_RX0_IRQHandler
                0x0000000008000e98                FPU_IRQHandler
                0x0000000008000e98                TIM1_UP_TIM16_IRQHandler
                0x0000000008000e98                ADC1_2_IRQHandler
                0x0000000008000e98                SPI1_IRQHandler
                0x0000000008000e98                TIM6_DAC_IRQHandler
                0x0000000008000e98                TIM8_UP_IRQHandler
                0x0000000008000e98                DMA2_Channel2_IRQHandler
                0x0000000008000e98                DMA1_Channel4_IRQHandler
                0x0000000008000e98                SAI2_IRQHandler
                0x0000000008000e98                DFSDM1_FLT3_IRQHandler
                0x0000000008000e98                USART3_IRQHandler
                0x0000000008000e98                DMA1_Channel7_IRQHandler
                0x0000000008000e98                CAN1_RX1_IRQHandler
                0x0000000008000e98                LCD_IRQHandler
                0x0000000008000e98                UART5_IRQHandler
                0x0000000008000e98                ADC3_IRQHandler
                0x0000000008000e98                TIM4_IRQHandler
                0x0000000008000e98                DMA2_Channel1_IRQHandler
                0x0000000008000e98                QUADSPI_IRQHandler
                0x0000000008000e98                I2C1_EV_IRQHandler
                0x0000000008000e98                DMA1_Channel6_IRQHandler
                0x0000000008000e98                UART4_IRQHandler
                0x0000000008000e98                DMA2_Channel4_IRQHandler
                0x0000000008000e98                RCC_IRQHandler
                0x0000000008000e98                Default_Handler
                0x0000000008000e98                DMA2_Channel7_IRQHandler
                0x0000000008000e98                EXTI15_10_IRQHandler
                0x0000000008000e98                TIM7_IRQHandler
                0x0000000008000e98                SDMMC1_IRQHandler
                0x0000000008000e98                TIM5_IRQHandler
                0x0000000008000e98                I2C3_EV_IRQHandler
                0x0000000008000e98                EXTI9_5_IRQHandler
                0x0000000008000e98                RTC_WKUP_IRQHandler
                0x0000000008000e98                PVD_PVM_IRQHandler
                0x0000000008000e98                SPI2_IRQHandler
                0x0000000008000e98                CAN1_TX_IRQHandler
                0x0000000008000e98                DMA2_Channel5_IRQHandler
                0x0000000008000e98                DMA1_Channel5_IRQHandler
                0x0000000008000e98                EXTI4_IRQHandler
                0x0000000008000e98                RNG_IRQHandler
                0x0000000008000e98                TIM1_TRG_COM_TIM17_IRQHandler
                0x0000000008000e98                DMA1_Channel3_IRQHandler
                0x0000000008000e98                COMP_IRQHandler
                0x0000000008000e98                WWDG_IRQHandler
                0x0000000008000e98                LPUART1_IRQHandler
                0x0000000008000e98                DMA2_Channel6_IRQHandler
                0x0000000008000e98                TIM2_IRQHandler
                0x0000000008000e98                EXTI1_IRQHandler
                0x0000000008000e98                USART2_IRQHandler
                0x0000000008000e98                DFSDM1_FLT0_IRQHandler
                0x0000000008000e98                I2C2_ER_IRQHandler
                0x0000000008000e98                DMA1_Channel2_IRQHandler
                0x0000000008000e98                TIM8_BRK_IRQHandler
                0x0000000008000e98                CAN1_SCE_IRQHandler
                0x0000000008000e98                FLASH_IRQHandler
                0x0000000008000e98                USART1_IRQHandler
                0x0000000008000e98                OTG_FS_IRQHandler
                0x0000000008000e98                SPI3_IRQHandler
                0x0000000008000e98                I2C1_ER_IRQHandler
                0x0000000008000e98                FMC_IRQHandler
                0x0000000008000e98                SWPMI1_IRQHandler
                0x0000000008000e98                LPTIM1_IRQHandler
                0x0000000008000e98                SAI1_IRQHandler
                0x0000000008000e98                DMA2_Channel3_IRQHandler
                0x0000000008000e98                TIM1_BRK_TIM15_IRQHandler
 .text.HAL_Init
                0x0000000008000e9a       0x30 Drivers/STM32L4xx_HAL_Driver/Src/stm32l4xx_hal.o
                0x0000000008000e9a                HAL_Init
 *fill*         0x0000000008000eca        0x2 
 .text.HAL_IncTick
                0x0000000008000ecc       0x28 Drivers/STM32L4xx_HAL_Driver/Src/stm32l4xx_hal.o
                0x0000000008000ecc                HAL_IncTick
 .text.HAL_GetTick
                0x0000000008000ef4       0x18 Drivers/STM32L4xx_HAL_Driver/Src/stm32l4xx_hal.o
                0x0000000008000ef4                HAL_GetTick
 .text.LL_ADC_SetCommonClock
                0x0000000008000f0c       0x26 Drivers/STM32L4xx_HAL_Driver/Src/stm32l4xx_hal_adc.o
 .text.LL_ADC_SetCommonPathInternalCh
                0x0000000008000f32       0x26 Drivers/STM32L4xx_HAL_Driver/Src/stm32l4xx_hal_adc.o
 .text.LL_ADC_GetCommonPathInternalCh
                0x0000000008000f58       0x1c Drivers/STM32L4xx_HAL_Driver/Src/stm32l4xx_hal_adc.o
 .text.LL_ADC_SetOffset
                0x0000000008000f74       0x48 Drivers/STM32L4xx_HAL_Driver/Src/stm32l4xx_hal_adc.o
 .text.LL_ADC_GetOffsetChannel
                0x0000000008000fbc       0x2c Drivers/STM32L4xx_HAL_Driver/Src/stm32l4xx_hal_adc.o
 .text.LL_ADC_SetOffsetState
                0x0000000008000fe8       0x36 Drivers/STM32L4xx_HAL_Driver/Src/stm32l4xx_hal_adc.o
 .text.LL_ADC_REG_IsTriggerSourceSWStart
                0x000000000800101e       0x26 Drivers/STM32L4xx_HAL_Driver/Src/stm32l4xx_hal_adc.o
 .text.LL_ADC_REG_SetSequencerRanks
                0x0000000008001044       0x58 Drivers/STM32L4xx_HAL_Driver/Src/stm32l4xx_hal_adc.o
 .text.LL_ADC_SetChannelSamplingTime
                0x000000000800109c       0x56 Drivers/STM32L4xx_HAL_Driver/Src/stm32l4xx_hal_adc.o
 *fill*         0x00000000080010f2        0x2 
 .text.LL_ADC_SetChannelSingleDiff
                0x00000000080010f4       0x48 Drivers/STM32L4xx_HAL_Driver/Src/stm32l4xx_hal_adc.o
 .text.LL_ADC_GetMultimode
                0x000000000800113c       0x1c Drivers/STM32L4xx_HAL_Driver/Src/stm32l4xx_hal_adc.o
 .text.LL_ADC_DisableDeepPowerDown
                0x0000000008001158       0x24 Drivers/STM32L4xx_HAL_Driver/Src/stm32l4xx_hal_adc.o
 .text.LL_ADC_IsDeepPowerDownEnabled
                0x000000000800117c       0x28 Drivers/STM32L4xx_HAL_Driver/Src/stm32l4xx_hal_adc.o
 .text.LL_ADC_EnableInternalRegulator
                0x00000000080011a4       0x28 Drivers/STM32L4xx_HAL_Driver/Src/stm32l4xx_hal_adc.o
 .text.LL_ADC_IsInternalRegulatorEnabled
                0x00000000080011cc       0x28 Drivers/STM32L4xx_HAL_Driver/Src/stm32l4xx_hal_adc.o
 .text.LL_ADC_Enable
                0x00000000080011f4       0x28 Drivers/STM32L4xx_HAL_Driver/Src/stm32l4xx_hal_adc.o
 .text.LL_ADC_IsEnabled
                0x000000000800121c       0x26 Drivers/STM32L4xx_HAL_Driver/Src/stm32l4xx_hal_adc.o
 .text.LL_ADC_REG_StartConversion
                0x0000000008001242       0x28 Drivers/STM32L4xx_HAL_Driver/Src/stm32l4xx_hal_adc.o
 .text.LL_ADC_REG_IsConversionOngoing
                0x000000000800126a       0x26 Drivers/STM32L4xx_HAL_Driver/Src/stm32l4xx_hal_adc.o
 .text.LL_ADC_INJ_IsConversionOngoing
                0x0000000008001290       0x26 Drivers/STM32L4xx_HAL_Driver/Src/stm32l4xx_hal_adc.o
 *fill*         0x00000000080012b6        0x2 
 .text.HAL_ADC_Init
                0x00000000080012b8      0x2ac Drivers/STM32L4xx_HAL_Driver/Src/stm32l4xx_hal_adc.o
                0x00000000080012b8                HAL_ADC_Init
 .text.HAL_ADC_Start_DMA
                0x0000000008001564      0x178 Drivers/STM32L4xx_HAL_Driver/Src/stm32l4xx_hal_adc.o
                0x0000000008001564                HAL_ADC_Start_DMA
 .text.HAL_ADC_ConvCpltCallback
                0x00000000080016dc       0x14 Drivers/STM32L4xx_HAL_Driver/Src/stm32l4xx_hal_adc.o
                0x00000000080016dc                HAL_ADC_ConvCpltCallback
 .text.HAL_ADC_ConvHalfCpltCallback
                0x00000000080016f0       0x14 Drivers/STM32L4xx_HAL_Driver/Src/stm32l4xx_hal_adc.o
                0x00000000080016f0                HAL_ADC_ConvHalfCpltCallback
 .text.HAL_ADC_ErrorCallback
                0x0000000008001704       0x14 Drivers/STM32L4xx_HAL_Driver/Src/stm32l4xx_hal_adc.o
                0x0000000008001704                HAL_ADC_ErrorCallback
 .text.HAL_ADC_ConfigChannel
                0x0000000008001718      0x7e0 Drivers/STM32L4xx_HAL_Driver/Src/stm32l4xx_hal_adc.o
                0x0000000008001718                HAL_ADC_ConfigChannel
 .text.ADC_Enable
                0x0000000008001ef8      0x10c Drivers/STM32L4xx_HAL_Driver/Src/stm32l4xx_hal_adc.o
                0x0000000008001ef8                ADC_Enable
 .text.ADC_DMAConvCplt
                0x0000000008002004       0xd8 Drivers/STM32L4xx_HAL_Driver/Src/stm32l4xx_hal_adc.o
                0x0000000008002004                ADC_DMAConvCplt
 .text.ADC_DMAHalfConvCplt
                0x00000000080020dc       0x1c Drivers/STM32L4xx_HAL_Driver/Src/stm32l4xx_hal_adc.o
                0x00000000080020dc                ADC_DMAHalfConvCplt
 .text.ADC_DMAError
                0x00000000080020f8       0x34 Drivers/STM32L4xx_HAL_Driver/Src/stm32l4xx_hal_adc.o
                0x00000000080020f8                ADC_DMAError
 .text.LL_ADC_IsEnabled
                0x000000000800212c       0x26 Drivers/STM32L4xx_HAL_Driver/Src/stm32l4xx_hal_adc_ex.o
 .text.LL_ADC_REG_IsConversionOngoing
                0x0000000008002152       0x26 Drivers/STM32L4xx_HAL_Driver/Src/stm32l4xx_hal_adc_ex.o
 .text.HAL_ADCEx_MultiModeConfigChannel
                0x0000000008002178      0x160 Drivers/STM32L4xx_HAL_Driver/Src/stm32l4xx_hal_adc_ex.o
                0x0000000008002178                HAL_ADCEx_MultiModeConfigChannel
 .text.__NVIC_SetPriorityGrouping
                0x00000000080022d8       0x48 Drivers/STM32L4xx_HAL_Driver/Src/stm32l4xx_hal_cortex.o
 .text.__NVIC_GetPriorityGrouping
                0x0000000008002320       0x1c Drivers/STM32L4xx_HAL_Driver/Src/stm32l4xx_hal_cortex.o
 .text.__NVIC_EnableIRQ
                0x000000000800233c       0x3c Drivers/STM32L4xx_HAL_Driver/Src/stm32l4xx_hal_cortex.o
 .text.__NVIC_SetPriority
                0x0000000008002378       0x54 Drivers/STM32L4xx_HAL_Driver/Src/stm32l4xx_hal_cortex.o
 .text.NVIC_EncodePriority
                0x00000000080023cc       0x66 Drivers/STM32L4xx_HAL_Driver/Src/stm32l4xx_hal_cortex.o
 .text.HAL_NVIC_SetPriorityGrouping
                0x0000000008002432       0x16 Drivers/STM32L4xx_HAL_Driver/Src/stm32l4xx_hal_cortex.o
                0x0000000008002432                HAL_NVIC_SetPriorityGrouping
 .text.HAL_NVIC_SetPriority
                0x0000000008002448       0x38 Drivers/STM32L4xx_HAL_Driver/Src/stm32l4xx_hal_cortex.o
                0x0000000008002448                HAL_NVIC_SetPriority
 .text.HAL_NVIC_EnableIRQ
                0x0000000008002480       0x1c Drivers/STM32L4xx_HAL_Driver/Src/stm32l4xx_hal_cortex.o
                0x0000000008002480                HAL_NVIC_EnableIRQ
 .text.HAL_DMA_Init
                0x000000000800249c      0x170 Drivers/STM32L4xx_HAL_Driver/Src/stm32l4xx_hal_dma.o
                0x000000000800249c                HAL_DMA_Init
 .text.HAL_DMA_Start_IT
                0x000000000800260c       0xc0 Drivers/STM32L4xx_HAL_Driver/Src/stm32l4xx_hal_dma.o
                0x000000000800260c                HAL_DMA_Start_IT
 .text.HAL_DMA_IRQHandler
                0x00000000080026cc      0x15e Drivers/STM32L4xx_HAL_Driver/Src/stm32l4xx_hal_dma.o
                0x00000000080026cc                HAL_DMA_IRQHandler
 .text.DMA_SetConfig
                0x000000000800282a       0x60 Drivers/STM32L4xx_HAL_Driver/Src/stm32l4xx_hal_dma.o
 *fill*         0x000000000800288a        0x2 
 .text.HAL_GPIO_Init
                0x000000000800288c      0x354 Drivers/STM32L4xx_HAL_Driver/Src/stm32l4xx_hal_gpio.o
                0x000000000800288c                HAL_GPIO_Init
 .text.HAL_GPIO_WritePin
                0x0000000008002be0       0x30 Drivers/STM32L4xx_HAL_Driver/Src/stm32l4xx_hal_gpio.o
                0x0000000008002be0                HAL_GPIO_WritePin
 .text.HAL_GPIO_TogglePin
                0x0000000008002c10       0x34 Drivers/STM32L4xx_HAL_Driver/Src/stm32l4xx_hal_gpio.o
                0x0000000008002c10                HAL_GPIO_TogglePin
 .text.HAL_PWR_EnableBkUpAccess
                0x0000000008002c44       0x20 Drivers/STM32L4xx_HAL_Driver/Src/stm32l4xx_hal_pwr.o
                0x0000000008002c44                HAL_PWR_EnableBkUpAccess
 .text.HAL_PWREx_GetVoltageRange
                0x0000000008002c64       0x1c Drivers/STM32L4xx_HAL_Driver/Src/stm32l4xx_hal_pwr_ex.o
                0x0000000008002c64                HAL_PWREx_GetVoltageRange
 .text.HAL_PWREx_ControlVoltageScaling
                0x0000000008002c80       0xac Drivers/STM32L4xx_HAL_Driver/Src/stm32l4xx_hal_pwr_ex.o
                0x0000000008002c80                HAL_PWREx_ControlVoltageScaling
 .text.HAL_RCC_OscConfig
                0x0000000008002d2c      0x7b4 Drivers/STM32L4xx_HAL_Driver/Src/stm32l4xx_hal_rcc.o
                0x0000000008002d2c                HAL_RCC_OscConfig
 .text.HAL_RCC_ClockConfig
                0x00000000080034e0      0x200 Drivers/STM32L4xx_HAL_Driver/Src/stm32l4xx_hal_rcc.o
                0x00000000080034e0                HAL_RCC_ClockConfig
 .text.HAL_RCC_GetSysClockFreq
                0x00000000080036e0      0x118 Drivers/STM32L4xx_HAL_Driver/Src/stm32l4xx_hal_rcc.o
                0x00000000080036e0                HAL_RCC_GetSysClockFreq
 .text.HAL_RCC_GetHCLKFreq
                0x00000000080037f8       0x18 Drivers/STM32L4xx_HAL_Driver/Src/stm32l4xx_hal_rcc.o
                0x00000000080037f8                HAL_RCC_GetHCLKFreq
 .text.HAL_RCC_GetPCLK1Freq
                0x0000000008003810       0x2c Drivers/STM32L4xx_HAL_Driver/Src/stm32l4xx_hal_rcc.o
                0x0000000008003810                HAL_RCC_GetPCLK1Freq
 .text.HAL_RCC_GetPCLK2Freq
                0x000000000800383c       0x2c Drivers/STM32L4xx_HAL_Driver/Src/stm32l4xx_hal_rcc.o
                0x000000000800383c                HAL_RCC_GetPCLK2Freq
 .text.HAL_RCC_GetClockConfig
                0x0000000008003868       0x64 Drivers/STM32L4xx_HAL_Driver/Src/stm32l4xx_hal_rcc.o
                0x0000000008003868                HAL_RCC_GetClockConfig
 .text.RCC_SetFlashLatencyFromMSIRange
                0x00000000080038cc       0xc0 Drivers/STM32L4xx_HAL_Driver/Src/stm32l4xx_hal_rcc.o
 .text.HAL_RCCEx_PeriphCLKConfig
                0x000000000800398c      0x5d4 Drivers/STM32L4xx_HAL_Driver/Src/stm32l4xx_hal_rcc_ex.o
                0x000000000800398c                HAL_RCCEx_PeriphCLKConfig
 .text.HAL_RCCEx_EnableMSIPLLMode
                0x0000000008003f60       0x20 Drivers/STM32L4xx_HAL_Driver/Src/stm32l4xx_hal_rcc_ex.o
                0x0000000008003f60                HAL_RCCEx_EnableMSIPLLMode
 .text.RCCEx_PLLSAI1_Config
                0x0000000008003f80      0x1e8 Drivers/STM32L4xx_HAL_Driver/Src/stm32l4xx_hal_rcc_ex.o
 .text.RCCEx_PLLSAI2_Config
                0x0000000008004168      0x1bc Drivers/STM32L4xx_HAL_Driver/Src/stm32l4xx_hal_rcc_ex.o
 .text.HAL_TIM_Base_Init
                0x0000000008004324       0xae Drivers/STM32L4xx_HAL_Driver/Src/stm32l4xx_hal_tim.o
                0x0000000008004324                HAL_TIM_Base_Init
 .text.HAL_TIM_Base_MspInit
                0x00000000080043d2       0x14 Drivers/STM32L4xx_HAL_Driver/Src/stm32l4xx_hal_tim.o
                0x00000000080043d2                HAL_TIM_Base_MspInit
 *fill*         0x00000000080043e6        0x2 
 .text.HAL_TIM_Base_Start_IT
                0x00000000080043e8       0xe0 Drivers/STM32L4xx_HAL_Driver/Src/stm32l4xx_hal_tim.o
                0x00000000080043e8                HAL_TIM_Base_Start_IT
 .text.HAL_TIM_IRQHandler
                0x00000000080044c8      0x23e Drivers/STM32L4xx_HAL_Driver/Src/stm32l4xx_hal_tim.o
                0x00000000080044c8                HAL_TIM_IRQHandler
 .text.HAL_TIM_OC_DelayElapsedCallback
                0x0000000008004706       0x14 Drivers/STM32L4xx_HAL_Driver/Src/stm32l4xx_hal_tim.o
                0x0000000008004706                HAL_TIM_OC_DelayElapsedCallback
 .text.HAL_TIM_IC_CaptureCallback
                0x000000000800471a       0x14 Drivers/STM32L4xx_HAL_Driver/Src/stm32l4xx_hal_tim.o
                0x000000000800471a                HAL_TIM_IC_CaptureCallback
 .text.HAL_TIM_PWM_PulseFinishedCallback
                0x000000000800472e       0x14 Drivers/STM32L4xx_HAL_Driver/Src/stm32l4xx_hal_tim.o
                0x000000000800472e                HAL_TIM_PWM_PulseFinishedCallback
 .text.HAL_TIM_TriggerCallback
                0x0000000008004742       0x14 Drivers/STM32L4xx_HAL_Driver/Src/stm32l4xx_hal_tim.o
                0x0000000008004742                HAL_TIM_TriggerCallback
 *fill*         0x0000000008004756        0x2 
 .text.TIM_Base_SetConfig
                0x0000000008004758      0x134 Drivers/STM32L4xx_HAL_Driver/Src/stm32l4xx_hal_tim.o
                0x0000000008004758                TIM_Base_SetConfig
 .text.HAL_TIMEx_CommutCallback
                0x000000000800488c       0x14 Drivers/STM32L4xx_HAL_Driver/Src/stm32l4xx_hal_tim_ex.o
                0x000000000800488c                HAL_TIMEx_CommutCallback
 .text.HAL_TIMEx_BreakCallback
                0x00000000080048a0       0x14 Drivers/STM32L4xx_HAL_Driver/Src/stm32l4xx_hal_tim_ex.o
                0x00000000080048a0                HAL_TIMEx_BreakCallback
 .text.HAL_TIMEx_Break2Callback
                0x00000000080048b4       0x14 Drivers/STM32L4xx_HAL_Driver/Src/stm32l4xx_hal_tim_ex.o
                0x00000000080048b4                HAL_TIMEx_Break2Callback
 .text.HAL_UART_Init
                0x00000000080048c8       0x9c Drivers/STM32L4xx_HAL_Driver/Src/stm32l4xx_hal_uart.o
                0x00000000080048c8                HAL_UART_Init
 .text.HAL_UART_Transmit
                0x0000000008004964      0x128 Drivers/STM32L4xx_HAL_Driver/Src/stm32l4xx_hal_uart.o
                0x0000000008004964                HAL_UART_Transmit
 .text.UART_SetConfig
                0x0000000008004a8c      0x514 Drivers/STM32L4xx_HAL_Driver/Src/stm32l4xx_hal_uart.o
                0x0000000008004a8c                UART_SetConfig
 .text.UART_AdvFeatureConfig
                0x0000000008004fa0      0x144 Drivers/STM32L4xx_HAL_Driver/Src/stm32l4xx_hal_uart.o
                0x0000000008004fa0                UART_AdvFeatureConfig
 .text.UART_CheckIdleState
                0x00000000080050e4       0x92 Drivers/STM32L4xx_HAL_Driver/Src/stm32l4xx_hal_uart.o
                0x00000000080050e4                UART_CheckIdleState
 .text.UART_WaitOnFlagUntilTimeout
                0x0000000008005176      0x188 Drivers/STM32L4xx_HAL_Driver/Src/stm32l4xx_hal_uart.o
                0x0000000008005176                UART_WaitOnFlagUntilTimeout
 .text.makeFreeRtosPriority
                0x00000000080052fe       0x30 Middlewares/Third_Party/FreeRTOS/Source/CMSIS_RTOS/cmsis_os.o
 .text.osKernelStart
                0x000000000800532e        0xe Middlewares/Third_Party/FreeRTOS/Source/CMSIS_RTOS/cmsis_os.o
                0x000000000800532e                osKernelStart
 .text.osThreadCreate
                0x000000000800533c       0x98 Middlewares/Third_Party/FreeRTOS/Source/CMSIS_RTOS/cmsis_os.o
                0x000000000800533c                osThreadCreate
 .text.osDelay  0x00000000080053d4       0x28 Middlewares/Third_Party/FreeRTOS/Source/CMSIS_RTOS/cmsis_os.o
                0x00000000080053d4                osDelay
 .text.osMutexCreate
                0x00000000080053fc       0x30 Middlewares/Third_Party/FreeRTOS/Source/CMSIS_RTOS/cmsis_os.o
                0x00000000080053fc                osMutexCreate
 .text.vListInitialise
                0x000000000800542c       0x40 Middlewares/Third_Party/FreeRTOS/Source/list.o
                0x000000000800542c                vListInitialise
 .text.vListInitialiseItem
                0x000000000800546c       0x1a Middlewares/Third_Party/FreeRTOS/Source/list.o
                0x000000000800546c                vListInitialiseItem
 .text.vListInsertEnd
                0x0000000008005486       0x48 Middlewares/Third_Party/FreeRTOS/Source/list.o
                0x0000000008005486                vListInsertEnd
 .text.vListInsert
                0x00000000080054ce       0x72 Middlewares/Third_Party/FreeRTOS/Source/list.o
                0x00000000080054ce                vListInsert
 .text.uxListRemove
                0x0000000008005540       0x54 Middlewares/Third_Party/FreeRTOS/Source/list.o
                0x0000000008005540                uxListRemove
 .text.xQueueGenericReset
                0x0000000008005594       0xd0 Middlewares/Third_Party/FreeRTOS/Source/queue.o
                0x0000000008005594                xQueueGenericReset
 .text.xQueueGenericCreateStatic
                0x0000000008005664       0xf0 Middlewares/Third_Party/FreeRTOS/Source/queue.o
                0x0000000008005664                xQueueGenericCreateStatic
 .text.xQueueGenericCreate
                0x0000000008005754       0x74 Middlewares/Third_Party/FreeRTOS/Source/queue.o
                0x0000000008005754                xQueueGenericCreate
 .text.prvInitialiseNewQueue
                0x00000000080057c8       0x3e Middlewares/Third_Party/FreeRTOS/Source/queue.o
 .text.prvInitialiseMutex
                0x0000000008005806       0x34 Middlewares/Third_Party/FreeRTOS/Source/queue.o
 .text.xQueueCreateMutex
                0x000000000800583a       0x30 Middlewares/Third_Party/FreeRTOS/Source/queue.o
                0x000000000800583a                xQueueCreateMutex
 .text.xQueueCreateMutexStatic
                0x000000000800586a       0x36 Middlewares/Third_Party/FreeRTOS/Source/queue.o
                0x000000000800586a                xQueueCreateMutexStatic
 .text.xQueueGenericSend
                0x00000000080058a0      0x1fc Middlewares/Third_Party/FreeRTOS/Source/queue.o
                0x00000000080058a0                xQueueGenericSend
 .text.prvCopyDataToQueue
                0x0000000008005a9c       0xd4 Middlewares/Third_Party/FreeRTOS/Source/queue.o
 .text.prvUnlockQueue
                0x0000000008005b70       0xa4 Middlewares/Third_Party/FreeRTOS/Source/queue.o
 .text.prvIsQueueFull
                0x0000000008005c14       0x30 Middlewares/Third_Party/FreeRTOS/Source/queue.o
 .text.xTaskCreateStatic
                0x0000000008005c44       0xba Middlewares/Third_Party/FreeRTOS/Source/tasks.o
                0x0000000008005c44                xTaskCreateStatic
 .text.xTaskCreate
                0x0000000008005cfe       0x8a Middlewares/Third_Party/FreeRTOS/Source/tasks.o
                0x0000000008005cfe                xTaskCreate
 .text.prvInitialiseNewTask
                0x0000000008005d88      0x10e Middlewares/Third_Party/FreeRTOS/Source/tasks.o
 *fill*         0x0000000008005e96        0x2 
 .text.prvAddNewTaskToReadyList
                0x0000000008005e98       0xd4 Middlewares/Third_Party/FreeRTOS/Source/tasks.o
 .text.vTaskDelay
                0x0000000008005f6c       0x68 Middlewares/Third_Party/FreeRTOS/Source/tasks.o
                0x0000000008005f6c                vTaskDelay
 .text.vTaskStartScheduler
                0x0000000008005fd4       0xc0 Middlewares/Third_Party/FreeRTOS/Source/tasks.o
                0x0000000008005fd4                vTaskStartScheduler
 .text.vTaskSuspendAll
                0x0000000008006094       0x1c Middlewares/Third_Party/FreeRTOS/Source/tasks.o
                0x0000000008006094                vTaskSuspendAll
 .text.xTaskResumeAll
                0x00000000080060b0      0x138 Middlewares/Third_Party/FreeRTOS/Source/tasks.o
                0x00000000080060b0                xTaskResumeAll
 .text.xTaskIncrementTick
                0x00000000080061e8      0x170 Middlewares/Third_Party/FreeRTOS/Source/tasks.o
                0x00000000080061e8                xTaskIncrementTick
 .text.vTaskSwitchContext
                0x0000000008006358       0xb8 Middlewares/Third_Party/FreeRTOS/Source/tasks.o
                0x0000000008006358                vTaskSwitchContext
 .text.vTaskPlaceOnEventList
                0x0000000008006410       0x48 Middlewares/Third_Party/FreeRTOS/Source/tasks.o
                0x0000000008006410                vTaskPlaceOnEventList
 .text.xTaskRemoveFromEventList
                0x0000000008006458       0xc4 Middlewares/Third_Party/FreeRTOS/Source/tasks.o
                0x0000000008006458                xTaskRemoveFromEventList
 .text.vTaskInternalSetTimeOutState
                0x000000000800651c       0x2c Middlewares/Third_Party/FreeRTOS/Source/tasks.o
                0x000000000800651c                vTaskInternalSetTimeOutState
 .text.xTaskCheckForTimeOut
                0x0000000008006548       0xc4 Middlewares/Third_Party/FreeRTOS/Source/tasks.o
                0x0000000008006548                xTaskCheckForTimeOut
 .text.vTaskMissedYield
                0x000000000800660c       0x18 Middlewares/Third_Party/FreeRTOS/Source/tasks.o
                0x000000000800660c                vTaskMissedYield
 .text.prvIdleTask
                0x0000000008006624       0x30 Middlewares/Third_Party/FreeRTOS/Source/tasks.o
 .text.prvInitialiseTaskLists
                0x0000000008006654       0x80 Middlewares/Third_Party/FreeRTOS/Source/tasks.o
 .text.prvCheckTasksWaitingTermination
                0x00000000080066d4       0x5c Middlewares/Third_Party/FreeRTOS/Source/tasks.o
 .text.prvDeleteTCB
                0x0000000008006730       0x5e Middlewares/Third_Party/FreeRTOS/Source/tasks.o
 *fill*         0x000000000800678e        0x2 
 .text.prvResetNextTaskUnblockTime
                0x0000000008006790       0x40 Middlewares/Third_Party/FreeRTOS/Source/tasks.o
 .text.xTaskGetSchedulerState
                0x00000000080067d0       0x3c Middlewares/Third_Party/FreeRTOS/Source/tasks.o
                0x00000000080067d0                xTaskGetSchedulerState
 .text.xTaskPriorityDisinherit
                0x000000000800680c      0x10c Middlewares/Third_Party/FreeRTOS/Source/tasks.o
                0x000000000800680c                xTaskPriorityDisinherit
 .text.prvAddCurrentTaskToDelayedList
                0x0000000008006918       0xcc Middlewares/Third_Party/FreeRTOS/Source/tasks.o
 .text.pxPortInitialiseStack
                0x00000000080069e4       0x68 Middlewares/Third_Party/FreeRTOS/Source/portable/GCC/ARM_CM4F/port.o
                0x00000000080069e4                pxPortInitialiseStack
 .text.prvTaskExitError
                0x0000000008006a4c       0x58 Middlewares/Third_Party/FreeRTOS/Source/portable/GCC/ARM_CM4F/port.o
 *fill*         0x0000000008006aa4        0xc 
 .text.SVC_Handler
                0x0000000008006ab0       0x28 Middlewares/Third_Party/FreeRTOS/Source/portable/GCC/ARM_CM4F/port.o
                0x0000000008006ab0                SVC_Handler
 .text.prvPortStartFirstTask
                0x0000000008006ad8       0x28 Middlewares/Third_Party/FreeRTOS/Source/portable/GCC/ARM_CM4F/port.o
 .text.xPortStartScheduler
                0x0000000008006b00      0x144 Middlewares/Third_Party/FreeRTOS/Source/portable/GCC/ARM_CM4F/port.o
                0x0000000008006b00                xPortStartScheduler
 .text.vPortEnterCritical
                0x0000000008006c44       0x60 Middlewares/Third_Party/FreeRTOS/Source/portable/GCC/ARM_CM4F/port.o
                0x0000000008006c44                vPortEnterCritical
 .text.vPortExitCritical
                0x0000000008006ca4       0x54 Middlewares/Third_Party/FreeRTOS/Source/portable/GCC/ARM_CM4F/port.o
                0x0000000008006ca4                vPortExitCritical
 *fill*         0x0000000008006cf8        0x8 
 .text.PendSV_Handler
                0x0000000008006d00       0x68 Middlewares/Third_Party/FreeRTOS/Source/portable/GCC/ARM_CM4F/port.o
                0x0000000008006d00                PendSV_Handler
 .text.SysTick_Handler
                0x0000000008006d68       0x44 Middlewares/Third_Party/FreeRTOS/Source/portable/GCC/ARM_CM4F/port.o
                0x0000000008006d68                SysTick_Handler
 .text.vPortSetupTimerInterrupt
                0x0000000008006dac       0x48 Middlewares/Third_Party/FreeRTOS/Source/portable/GCC/ARM_CM4F/port.o
                0x0000000008006dac                vPortSetupTimerInterrupt
 .text.vPortEnableVFP
                0x0000000008006df4       0x14 Middlewares/Third_Party/FreeRTOS/Source/portable/GCC/ARM_CM4F/port.o
 .text.pvPortMalloc
                0x0000000008006e08      0x198 Middlewares/Third_Party/FreeRTOS/Source/portable/MemMang/heap_4.o
                0x0000000008006e08                pvPortMalloc
 .text.vPortFree
                0x0000000008006fa0       0xc4 Middlewares/Third_Party/FreeRTOS/Source/portable/MemMang/heap_4.o
                0x0000000008006fa0                vPortFree
 .text.prvHeapInit
                0x0000000008007064       0xc4 Middlewares/Third_Party/FreeRTOS/Source/portable/MemMang/heap_4.o
 .text.prvInsertBlockIntoFreeList
                0x0000000008007128       0xb4 Middlewares/Third_Party/FreeRTOS/Source/portable/MemMang/heap_4.o
 .text.__libc_init_array
                0x00000000080071dc       0x48 c:/st/stm32cubeide_1.6.1/stm32cubeide/plugins/com.st.stm32cube.ide.mcu.externaltools.gnu-tools-for-stm32.9-2020-q2-update.win32_1.5.0.202011040924/tools/bin/../lib/gcc/arm-none-eabi/9.3.1/../../../../arm-none-eabi/lib/thumb/v7e-m+fp/hard\libc_nano.a(lib_a-init.o)
                0x00000000080071dc                __libc_init_array
 .text.memcpy   0x0000000008007224       0x1c c:/st/stm32cubeide_1.6.1/stm32cubeide/plugins/com.st.stm32cube.ide.mcu.externaltools.gnu-tools-for-stm32.9-2020-q2-update.win32_1.5.0.202011040924/tools/bin/../lib/gcc/arm-none-eabi/9.3.1/../../../../arm-none-eabi/lib/thumb/v7e-m+fp/hard\libc_nano.a(lib_a-memcpy-stub.o)
                0x0000000008007224                memcpy
 .text.memset   0x0000000008007240       0x10 c:/st/stm32cubeide_1.6.1/stm32cubeide/plugins/com.st.stm32cube.ide.mcu.externaltools.gnu-tools-for-stm32.9-2020-q2-update.win32_1.5.0.202011040924/tools/bin/../lib/gcc/arm-none-eabi/9.3.1/../../../../arm-none-eabi/lib/thumb/v7e-m+fp/hard\libc_nano.a(lib_a-memset.o)
                0x0000000008007240                memset
 *(.glue_7)
 .glue_7        0x0000000008007250        0x0 linker stubs
 *(.glue_7t)
 .glue_7t       0x0000000008007250        0x0 linker stubs
 *(.eh_frame)
 .eh_frame      0x0000000008007250        0x0 c:/st/stm32cubeide_1.6.1/stm32cubeide/plugins/com.st.stm32cube.ide.mcu.externaltools.gnu-tools-for-stm32.9-2020-q2-update.win32_1.5.0.202011040924/tools/bin/../lib/gcc/arm-none-eabi/9.3.1/thumb/v7e-m+fp/hard/crtbegin.o
 *(.init)
 .init          0x0000000008007250        0x4 c:/st/stm32cubeide_1.6.1/stm32cubeide/plugins/com.st.stm32cube.ide.mcu.externaltools.gnu-tools-for-stm32.9-2020-q2-update.win32_1.5.0.202011040924/tools/bin/../lib/gcc/arm-none-eabi/9.3.1/thumb/v7e-m+fp/hard/crti.o
                0x0000000008007250                _init
 .init          0x0000000008007254        0x8 c:/st/stm32cubeide_1.6.1/stm32cubeide/plugins/com.st.stm32cube.ide.mcu.externaltools.gnu-tools-for-stm32.9-2020-q2-update.win32_1.5.0.202011040924/tools/bin/../lib/gcc/arm-none-eabi/9.3.1/thumb/v7e-m+fp/hard/crtn.o
 *(.fini)
 .fini          0x000000000800725c        0x4 c:/st/stm32cubeide_1.6.1/stm32cubeide/plugins/com.st.stm32cube.ide.mcu.externaltools.gnu-tools-for-stm32.9-2020-q2-update.win32_1.5.0.202011040924/tools/bin/../lib/gcc/arm-none-eabi/9.3.1/thumb/v7e-m+fp/hard/crti.o
                0x000000000800725c                _fini
 .fini          0x0000000008007260        0x8 c:/st/stm32cubeide_1.6.1/stm32cubeide/plugins/com.st.stm32cube.ide.mcu.externaltools.gnu-tools-for-stm32.9-2020-q2-update.win32_1.5.0.202011040924/tools/bin/../lib/gcc/arm-none-eabi/9.3.1/thumb/v7e-m+fp/hard/crtn.o
                0x0000000008007268                . = ALIGN (0x4)
                0x0000000008007268                _etext = .

.vfp11_veneer   0x0000000008007268        0x0
 .vfp11_veneer  0x0000000008007268        0x0 linker stubs

.v4_bx          0x0000000008007268        0x0
 .v4_bx         0x0000000008007268        0x0 linker stubs

.iplt           0x0000000008007268        0x0
 .iplt          0x0000000008007268        0x0 c:/st/stm32cubeide_1.6.1/stm32cubeide/plugins/com.st.stm32cube.ide.mcu.externaltools.gnu-tools-for-stm32.9-2020-q2-update.win32_1.5.0.202011040924/tools/bin/../lib/gcc/arm-none-eabi/9.3.1/thumb/v7e-m+fp/hard/crtbegin.o

.rodata         0x0000000008007268       0xc0
                0x0000000008007268                . = ALIGN (0x4)
 *(.rodata)
 .rodata        0x0000000008007268       0x70 Core/Src/freertos.o
 .rodata        0x00000000080072d8        0x5 Middlewares/Third_Party/FreeRTOS/Source/tasks.o
 *(.rodata*)
 *fill*         0x00000000080072dd        0x3 
 .rodata.AHBPrescTable
                0x00000000080072e0       0x10 Core/Src/system_stm32l4xx.o
                0x00000000080072e0                AHBPrescTable
 .rodata.APBPrescTable
                0x00000000080072f0        0x8 Core/Src/system_stm32l4xx.o
                0x00000000080072f0                APBPrescTable
 .rodata.MSIRangeTable
                0x00000000080072f8       0x30 Core/Src/system_stm32l4xx.o
                0x00000000080072f8                MSIRangeTable
                0x0000000008007328                . = ALIGN (0x4)

.ARM.extab      0x0000000008007328        0x0
                0x0000000008007328                . = ALIGN (0x4)
 *(.ARM.extab* .gnu.linkonce.armextab.*)
                0x0000000008007328                . = ALIGN (0x4)

.ARM            0x0000000008007328        0x8
                0x0000000008007328                . = ALIGN (0x4)
                0x0000000008007328                __exidx_start = .
 *(.ARM.exidx*)
 .ARM.exidx     0x0000000008007328        0x8 c:/st/stm32cubeide_1.6.1/stm32cubeide/plugins/com.st.stm32cube.ide.mcu.externaltools.gnu-tools-for-stm32.9-2020-q2-update.win32_1.5.0.202011040924/tools/bin/../lib/gcc/arm-none-eabi/9.3.1/thumb/v7e-m+fp/hard\libgcc.a(_udivmoddi4.o)
                0x0000000008007330                __exidx_end = .
                0x0000000008007330                . = ALIGN (0x4)

.rel.dyn        0x0000000008007330        0x0
 .rel.iplt      0x0000000008007330        0x0 c:/st/stm32cubeide_1.6.1/stm32cubeide/plugins/com.st.stm32cube.ide.mcu.externaltools.gnu-tools-for-stm32.9-2020-q2-update.win32_1.5.0.202011040924/tools/bin/../lib/gcc/arm-none-eabi/9.3.1/thumb/v7e-m+fp/hard/crtbegin.o

.preinit_array  0x0000000008007330        0x0
                0x0000000008007330                . = ALIGN (0x4)
                0x0000000008007330                PROVIDE (__preinit_array_start = .)
 *(.preinit_array*)
                0x0000000008007330                PROVIDE (__preinit_array_end = .)
                0x0000000008007330                . = ALIGN (0x4)

.init_array     0x0000000008007330        0x4
                0x0000000008007330                . = ALIGN (0x4)
                0x0000000008007330                PROVIDE (__init_array_start = .)
 *(SORT_BY_NAME(.init_array.*))
 *(.init_array*)
 .init_array    0x0000000008007330        0x4 c:/st/stm32cubeide_1.6.1/stm32cubeide/plugins/com.st.stm32cube.ide.mcu.externaltools.gnu-tools-for-stm32.9-2020-q2-update.win32_1.5.0.202011040924/tools/bin/../lib/gcc/arm-none-eabi/9.3.1/thumb/v7e-m+fp/hard/crtbegin.o
                0x0000000008007334                PROVIDE (__init_array_end = .)
                0x0000000008007334                . = ALIGN (0x4)

.fini_array     0x0000000008007334        0x4
                0x0000000008007334                . = ALIGN (0x4)
                [!provide]                        PROVIDE (__fini_array_start = .)
 *(SORT_BY_NAME(.fini_array.*))
 *(.fini_array*)
 .fini_array    0x0000000008007334        0x4 c:/st/stm32cubeide_1.6.1/stm32cubeide/plugins/com.st.stm32cube.ide.mcu.externaltools.gnu-tools-for-stm32.9-2020-q2-update.win32_1.5.0.202011040924/tools/bin/../lib/gcc/arm-none-eabi/9.3.1/thumb/v7e-m+fp/hard/crtbegin.o
                [!provide]                        PROVIDE (__fini_array_end = .)
                0x0000000008007338                . = ALIGN (0x4)
                0x0000000008007338                _sidata = LOADADDR (.data)

.data           0x0000000020000000       0x10 load address 0x0000000008007338
                0x0000000020000000                . = ALIGN (0x4)
                0x0000000020000000                _sdata = .
 *(.data)
 *(.data*)
 .data.SystemCoreClock
                0x0000000020000000        0x4 Core/Src/system_stm32l4xx.o
                0x0000000020000000                SystemCoreClock
 .data.uwTickPrio
                0x0000000020000004        0x4 Drivers/STM32L4xx_HAL_Driver/Src/stm32l4xx_hal.o
                0x0000000020000004                uwTickPrio
 .data.uwTickFreq
                0x0000000020000008        0x1 Drivers/STM32L4xx_HAL_Driver/Src/stm32l4xx_hal.o
                0x0000000020000008                uwTickFreq
 *fill*         0x0000000020000009        0x3 
 .data.uxCriticalNesting
                0x000000002000000c        0x4 Middlewares/Third_Party/FreeRTOS/Source/portable/GCC/ARM_CM4F/port.o
 *(.RamFunc)
 *(.RamFunc*)
                0x0000000020000010                . = ALIGN (0x4)
                0x0000000020000010                _edata = .

.igot.plt       0x0000000020000010        0x0 load address 0x0000000008007348
 .igot.plt      0x0000000020000010        0x0 c:/st/stm32cubeide_1.6.1/stm32cubeide/plugins/com.st.stm32cube.ide.mcu.externaltools.gnu-tools-for-stm32.9-2020-q2-update.win32_1.5.0.202011040924/tools/bin/../lib/gcc/arm-none-eabi/9.3.1/thumb/v7e-m+fp/hard/crtbegin.o
                0x0000000020000010                . = ALIGN (0x4)

.bss            0x0000000020000010     0x112c load address 0x0000000008007348
                0x0000000020000010                _sbss = .
                0x0000000020000010                __bss_start__ = _sbss
 *(.bss)
 .bss           0x0000000020000010       0x1c c:/st/stm32cubeide_1.6.1/stm32cubeide/plugins/com.st.stm32cube.ide.mcu.externaltools.gnu-tools-for-stm32.9-2020-q2-update.win32_1.5.0.202011040924/tools/bin/../lib/gcc/arm-none-eabi/9.3.1/thumb/v7e-m+fp/hard/crtbegin.o
 *(.bss*)
 .bss.xIdleTaskTCBBuffer
                0x000000002000002c       0x54 Core/Src/freertos.o
 .bss.xIdleStack
                0x0000000020000080      0x200 Core/Src/freertos.o
 .bss.pxCurrentTCB
                0x0000000020000280        0x4 Middlewares/Third_Party/FreeRTOS/Source/tasks.o
                0x0000000020000280                pxCurrentTCB
 .bss.pxReadyTasksLists
                0x0000000020000284       0x8c Middlewares/Third_Party/FreeRTOS/Source/tasks.o
 .bss.xDelayedTaskList1
                0x0000000020000310       0x14 Middlewares/Third_Party/FreeRTOS/Source/tasks.o
 .bss.xDelayedTaskList2
                0x0000000020000324       0x14 Middlewares/Third_Party/FreeRTOS/Source/tasks.o
 .bss.pxDelayedTaskList
                0x0000000020000338        0x4 Middlewares/Third_Party/FreeRTOS/Source/tasks.o
 .bss.pxOverflowDelayedTaskList
                0x000000002000033c        0x4 Middlewares/Third_Party/FreeRTOS/Source/tasks.o
 .bss.xPendingReadyList
                0x0000000020000340       0x14 Middlewares/Third_Party/FreeRTOS/Source/tasks.o
 .bss.xTasksWaitingTermination
                0x0000000020000354       0x14 Middlewares/Third_Party/FreeRTOS/Source/tasks.o
 .bss.uxDeletedTasksWaitingCleanUp
                0x0000000020000368        0x4 Middlewares/Third_Party/FreeRTOS/Source/tasks.o
 .bss.xSuspendedTaskList
                0x000000002000036c       0x14 Middlewares/Third_Party/FreeRTOS/Source/tasks.o
 .bss.uxCurrentNumberOfTasks
                0x0000000020000380        0x4 Middlewares/Third_Party/FreeRTOS/Source/tasks.o
 .bss.xTickCount
                0x0000000020000384        0x4 Middlewares/Third_Party/FreeRTOS/Source/tasks.o
 .bss.uxTopReadyPriority
                0x0000000020000388        0x4 Middlewares/Third_Party/FreeRTOS/Source/tasks.o
 .bss.xSchedulerRunning
                0x000000002000038c        0x4 Middlewares/Third_Party/FreeRTOS/Source/tasks.o
 .bss.xPendedTicks
                0x0000000020000390        0x4 Middlewares/Third_Party/FreeRTOS/Source/tasks.o
 .bss.xYieldPending
                0x0000000020000394        0x4 Middlewares/Third_Party/FreeRTOS/Source/tasks.o
 .bss.xNumOfOverflows
                0x0000000020000398        0x4 Middlewares/Third_Party/FreeRTOS/Source/tasks.o
 .bss.uxTaskNumber
                0x000000002000039c        0x4 Middlewares/Third_Party/FreeRTOS/Source/tasks.o
 .bss.xNextTaskUnblockTime
                0x00000000200003a0        0x4 Middlewares/Third_Party/FreeRTOS/Source/tasks.o
 .bss.xIdleTaskHandle
                0x00000000200003a4        0x4 Middlewares/Third_Party/FreeRTOS/Source/tasks.o
 .bss.uxSchedulerSuspended
                0x00000000200003a8        0x4 Middlewares/Third_Party/FreeRTOS/Source/tasks.o
 .bss.ucMaxSysCallPriority
                0x00000000200003ac        0x1 Middlewares/Third_Party/FreeRTOS/Source/portable/GCC/ARM_CM4F/port.o
 *fill*         0x00000000200003ad        0x3 
 .bss.ulMaxPRIGROUPValue
                0x00000000200003b0        0x4 Middlewares/Third_Party/FreeRTOS/Source/portable/GCC/ARM_CM4F/port.o
 .bss.ucHeap    0x00000000200003b4      0xbb8 Middlewares/Third_Party/FreeRTOS/Source/portable/MemMang/heap_4.o
 .bss.xStart    0x0000000020000f6c        0x8 Middlewares/Third_Party/FreeRTOS/Source/portable/MemMang/heap_4.o
 .bss.pxEnd     0x0000000020000f74        0x4 Middlewares/Third_Party/FreeRTOS/Source/portable/MemMang/heap_4.o
 .bss.xFreeBytesRemaining
                0x0000000020000f78        0x4 Middlewares/Third_Party/FreeRTOS/Source/portable/MemMang/heap_4.o
 .bss.xMinimumEverFreeBytesRemaining
                0x0000000020000f7c        0x4 Middlewares/Third_Party/FreeRTOS/Source/portable/MemMang/heap_4.o
 .bss.xNumberOfSuccessfulAllocations
                0x0000000020000f80        0x4 Middlewares/Third_Party/FreeRTOS/Source/portable/MemMang/heap_4.o
 .bss.xNumberOfSuccessfulFrees
                0x0000000020000f84        0x4 Middlewares/Third_Party/FreeRTOS/Source/portable/MemMang/heap_4.o
 .bss.xBlockAllocatedBit
                0x0000000020000f88        0x4 Middlewares/Third_Party/FreeRTOS/Source/portable/MemMang/heap_4.o
 *(COMMON)
 COMMON         0x0000000020000f8c       0xac Core/Src/adc.o
                0x0000000020000f8c                hadc1
                0x0000000020000ff0                hdma_adc1
 COMMON         0x0000000020001038       0xb1 Core/Src/freertos.o
                0x0000000020001038                defaultTaskHandle
                0x000000002000103c                Thread1_Profiler
                0x0000000020001040                Tread2Handle
                0x0000000020001044                tx_mutexHandle
                0x0000000020001048                DefaultThread_Profiler
                0x000000002000104c                sensorValues
                0x000000002000105c                Tread1Handle
                0x0000000020001060                Thread2_Profiler
                0x0000000020001064                huart2
                0x00000000200010e8                buttonStatus
 *fill*         0x00000000200010e9        0x3 
 COMMON         0x00000000200010ec       0x4c Core/Src/stm32l4xx_hal_timebase_tim.o
                0x00000000200010ec                htim3
 COMMON         0x0000000020001138        0x4 Drivers/STM32L4xx_HAL_Driver/Src/stm32l4xx_hal.o
                0x0000000020001138                uwTick
                0x000000002000113c                . = ALIGN (0x4)
                0x000000002000113c                _ebss = .
                0x000000002000113c                __bss_end__ = _ebss

._user_heap_stack
                0x000000002000113c     0x6004 load address 0x0000000008007348
                0x0000000020001140                . = ALIGN (0x8)
 *fill*         0x000000002000113c        0x4 
                [!provide]                        PROVIDE (end = .)
                0x0000000020001140                PROVIDE (_end = .)
                0x0000000020003140                . = (. + _Min_Heap_Size)
 *fill*         0x0000000020001140     0x2000 
                0x0000000020007140                . = (. + _Min_Stack_Size)
 *fill*         0x0000000020003140     0x4000 
                0x0000000020007140                . = ALIGN (0x8)

/DISCARD/
 libc.a(*)
 libm.a(*)
 libgcc.a(*)

.ARM.attributes
                0x0000000000000000       0x30
 *(.ARM.attributes)
 .ARM.attributes
                0x0000000000000000       0x1e c:/st/stm32cubeide_1.6.1/stm32cubeide/plugins/com.st.stm32cube.ide.mcu.externaltools.gnu-tools-for-stm32.9-2020-q2-update.win32_1.5.0.202011040924/tools/bin/../lib/gcc/arm-none-eabi/9.3.1/thumb/v7e-m+fp/hard/crti.o
 .ARM.attributes
                0x000000000000001e       0x34 c:/st/stm32cubeide_1.6.1/stm32cubeide/plugins/com.st.stm32cube.ide.mcu.externaltools.gnu-tools-for-stm32.9-2020-q2-update.win32_1.5.0.202011040924/tools/bin/../lib/gcc/arm-none-eabi/9.3.1/thumb/v7e-m+fp/hard/crtbegin.o
 .ARM.attributes
                0x0000000000000052       0x34 Core/Src/adc.o
 .ARM.attributes
                0x0000000000000086       0x34 Core/Src/dma.o
 .ARM.attributes
                0x00000000000000ba       0x34 Core/Src/freertos.o
 .ARM.attributes
                0x00000000000000ee       0x34 Core/Src/gpio.o
 .ARM.attributes
                0x0000000000000122       0x34 Core/Src/main.o
 .ARM.attributes
                0x0000000000000156       0x34 Core/Src/stm32l4xx_hal_msp.o
 .ARM.attributes
                0x000000000000018a       0x34 Core/Src/stm32l4xx_hal_timebase_tim.o
 .ARM.attributes
                0x00000000000001be       0x34 Core/Src/stm32l4xx_it.o
 .ARM.attributes
                0x00000000000001f2       0x34 Core/Src/system_stm32l4xx.o
 .ARM.attributes
                0x0000000000000226       0x34 Core/Src/usart.o
 .ARM.attributes
                0x000000000000025a       0x21 Core/Startup/startup_stm32l476rgtx.o
 .ARM.attributes
                0x000000000000027b       0x34 Drivers/STM32L4xx_HAL_Driver/Src/stm32l4xx_hal.o
 .ARM.attributes
                0x00000000000002af       0x34 Drivers/STM32L4xx_HAL_Driver/Src/stm32l4xx_hal_adc.o
 .ARM.attributes
                0x00000000000002e3       0x34 Drivers/STM32L4xx_HAL_Driver/Src/stm32l4xx_hal_adc_ex.o
 .ARM.attributes
                0x0000000000000317       0x34 Drivers/STM32L4xx_HAL_Driver/Src/stm32l4xx_hal_cortex.o
 .ARM.attributes
                0x000000000000034b       0x34 Drivers/STM32L4xx_HAL_Driver/Src/stm32l4xx_hal_dma.o
 .ARM.attributes
                0x000000000000037f       0x34 Drivers/STM32L4xx_HAL_Driver/Src/stm32l4xx_hal_gpio.o
 .ARM.attributes
                0x00000000000003b3       0x34 Drivers/STM32L4xx_HAL_Driver/Src/stm32l4xx_hal_pwr.o
 .ARM.attributes
                0x00000000000003e7       0x34 Drivers/STM32L4xx_HAL_Driver/Src/stm32l4xx_hal_pwr_ex.o
 .ARM.attributes
                0x000000000000041b       0x34 Drivers/STM32L4xx_HAL_Driver/Src/stm32l4xx_hal_rcc.o
 .ARM.attributes
                0x000000000000044f       0x34 Drivers/STM32L4xx_HAL_Driver/Src/stm32l4xx_hal_rcc_ex.o
 .ARM.attributes
                0x0000000000000483       0x34 Drivers/STM32L4xx_HAL_Driver/Src/stm32l4xx_hal_tim.o
 .ARM.attributes
                0x00000000000004b7       0x34 Drivers/STM32L4xx_HAL_Driver/Src/stm32l4xx_hal_tim_ex.o
 .ARM.attributes
                0x00000000000004eb       0x34 Drivers/STM32L4xx_HAL_Driver/Src/stm32l4xx_hal_uart.o
 .ARM.attributes
                0x000000000000051f       0x34 Middlewares/Third_Party/FreeRTOS/Source/CMSIS_RTOS/cmsis_os.o
 .ARM.attributes
                0x0000000000000553       0x34 Middlewares/Third_Party/FreeRTOS/Source/list.o
 .ARM.attributes
                0x0000000000000587       0x34 Middlewares/Third_Party/FreeRTOS/Source/queue.o
 .ARM.attributes
                0x00000000000005bb       0x34 Middlewares/Third_Party/FreeRTOS/Source/tasks.o
 .ARM.attributes
                0x00000000000005ef       0x34 Middlewares/Third_Party/FreeRTOS/Source/portable/GCC/ARM_CM4F/port.o
 .ARM.attributes
                0x0000000000000623       0x34 Middlewares/Third_Party/FreeRTOS/Source/portable/MemMang/heap_4.o
 .ARM.attributes
                0x0000000000000657       0x34 c:/st/stm32cubeide_1.6.1/stm32cubeide/plugins/com.st.stm32cube.ide.mcu.externaltools.gnu-tools-for-stm32.9-2020-q2-update.win32_1.5.0.202011040924/tools/bin/../lib/gcc/arm-none-eabi/9.3.1/../../../../arm-none-eabi/lib/thumb/v7e-m+fp/hard\libc_nano.a(lib_a-init.o)
 .ARM.attributes
                0x000000000000068b       0x34 c:/st/stm32cubeide_1.6.1/stm32cubeide/plugins/com.st.stm32cube.ide.mcu.externaltools.gnu-tools-for-stm32.9-2020-q2-update.win32_1.5.0.202011040924/tools/bin/../lib/gcc/arm-none-eabi/9.3.1/../../../../arm-none-eabi/lib/thumb/v7e-m+fp/hard\libc_nano.a(lib_a-memcpy-stub.o)
 .ARM.attributes
                0x00000000000006bf       0x34 c:/st/stm32cubeide_1.6.1/stm32cubeide/plugins/com.st.stm32cube.ide.mcu.externaltools.gnu-tools-for-stm32.9-2020-q2-update.win32_1.5.0.202011040924/tools/bin/../lib/gcc/arm-none-eabi/9.3.1/../../../../arm-none-eabi/lib/thumb/v7e-m+fp/hard\libc_nano.a(lib_a-memset.o)
 .ARM.attributes
                0x00000000000006f3       0x1e c:/st/stm32cubeide_1.6.1/stm32cubeide/plugins/com.st.stm32cube.ide.mcu.externaltools.gnu-tools-for-stm32.9-2020-q2-update.win32_1.5.0.202011040924/tools/bin/../lib/gcc/arm-none-eabi/9.3.1/thumb/v7e-m+fp/hard\libgcc.a(_aeabi_uldivmod.o)
 .ARM.attributes
                0x0000000000000711       0x34 c:/st/stm32cubeide_1.6.1/stm32cubeide/plugins/com.st.stm32cube.ide.mcu.externaltools.gnu-tools-for-stm32.9-2020-q2-update.win32_1.5.0.202011040924/tools/bin/../lib/gcc/arm-none-eabi/9.3.1/thumb/v7e-m+fp/hard\libgcc.a(_udivmoddi4.o)
 .ARM.attributes
                0x0000000000000745       0x1e c:/st/stm32cubeide_1.6.1/stm32cubeide/plugins/com.st.stm32cube.ide.mcu.externaltools.gnu-tools-for-stm32.9-2020-q2-update.win32_1.5.0.202011040924/tools/bin/../lib/gcc/arm-none-eabi/9.3.1/thumb/v7e-m+fp/hard\libgcc.a(_dvmd_tls.o)
 .ARM.attributes
                0x0000000000000763       0x1e c:/st/stm32cubeide_1.6.1/stm32cubeide/plugins/com.st.stm32cube.ide.mcu.externaltools.gnu-tools-for-stm32.9-2020-q2-update.win32_1.5.0.202011040924/tools/bin/../lib/gcc/arm-none-eabi/9.3.1/thumb/v7e-m+fp/hard/crtn.o
OUTPUT(iot_firmware.elf elf32-littlearm)
LOAD linker stubs
LOAD c:/st/stm32cubeide_1.6.1/stm32cubeide/plugins/com.st.stm32cube.ide.mcu.externaltools.gnu-tools-for-stm32.9-2020-q2-update.win32_1.5.0.202011040924/tools/bin/../lib/gcc/arm-none-eabi/9.3.1/../../../../arm-none-eabi/lib/thumb/v7e-m+fp/hard\libc.a
LOAD c:/st/stm32cubeide_1.6.1/stm32cubeide/plugins/com.st.stm32cube.ide.mcu.externaltools.gnu-tools-for-stm32.9-2020-q2-update.win32_1.5.0.202011040924/tools/bin/../lib/gcc/arm-none-eabi/9.3.1/../../../../arm-none-eabi/lib/thumb/v7e-m+fp/hard\libm.a
LOAD c:/st/stm32cubeide_1.6.1/stm32cubeide/plugins/com.st.stm32cube.ide.mcu.externaltools.gnu-tools-for-stm32.9-2020-q2-update.win32_1.5.0.202011040924/tools/bin/../lib/gcc/arm-none-eabi/9.3.1/thumb/v7e-m+fp/hard\libgcc.a

.debug_info     0x0000000000000000    0x2297f
 .debug_info    0x0000000000000000     0x1044 Core/Src/adc.o
 .debug_info    0x0000000000001044      0x753 Core/Src/dma.o
 .debug_info    0x0000000000001797     0x13d6 Core/Src/freertos.o
 .debug_info    0x0000000000002b6d      0x6df Core/Src/gpio.o
 .debug_info    0x000000000000324c     0x14ab Core/Src/main.o
 .debug_info    0x00000000000046f7      0x770 Core/Src/stm32l4xx_hal_msp.o
 .debug_info    0x0000000000004e67      0xe47 Core/Src/stm32l4xx_hal_timebase_tim.o
 .debug_info    0x0000000000005cae      0x940 Core/Src/stm32l4xx_it.o
 .debug_info    0x00000000000065ee      0x772 Core/Src/system_stm32l4xx.o
 .debug_info    0x0000000000006d60      0xf7d Core/Src/usart.o
 .debug_info    0x0000000000007cdd       0x22 Core/Startup/startup_stm32l476rgtx.o
 .debug_info    0x0000000000007cff      0xcb9 Drivers/STM32L4xx_HAL_Driver/Src/stm32l4xx_hal.o
 .debug_info    0x00000000000089b8     0x1fc8 Drivers/STM32L4xx_HAL_Driver/Src/stm32l4xx_hal_adc.o
 .debug_info    0x000000000000a980     0x1d10 Drivers/STM32L4xx_HAL_Driver/Src/stm32l4xx_hal_adc_ex.o
 .debug_info    0x000000000000c690     0x102e Drivers/STM32L4xx_HAL_Driver/Src/stm32l4xx_hal_cortex.o
 .debug_info    0x000000000000d6be      0x973 Drivers/STM32L4xx_HAL_Driver/Src/stm32l4xx_hal_dma.o
 .debug_info    0x000000000000e031      0xa5e Drivers/STM32L4xx_HAL_Driver/Src/stm32l4xx_hal_gpio.o
 .debug_info    0x000000000000ea8f      0xb39 Drivers/STM32L4xx_HAL_Driver/Src/stm32l4xx_hal_pwr.o
 .debug_info    0x000000000000f5c8      0xc00 Drivers/STM32L4xx_HAL_Driver/Src/stm32l4xx_hal_pwr_ex.o
 .debug_info    0x00000000000101c8      0xe37 Drivers/STM32L4xx_HAL_Driver/Src/stm32l4xx_hal_rcc.o
 .debug_info    0x0000000000010fff     0x103f Drivers/STM32L4xx_HAL_Driver/Src/stm32l4xx_hal_rcc_ex.o
 .debug_info    0x000000000001203e     0x2e79 Drivers/STM32L4xx_HAL_Driver/Src/stm32l4xx_hal_tim.o
 .debug_info    0x0000000000014eb7     0x18c8 Drivers/STM32L4xx_HAL_Driver/Src/stm32l4xx_hal_tim_ex.o
 .debug_info    0x000000000001677f     0x3e56 Drivers/STM32L4xx_HAL_Driver/Src/stm32l4xx_hal_uart.o
 .debug_info    0x000000000001a5d5     0x203c Middlewares/Third_Party/FreeRTOS/Source/CMSIS_RTOS/cmsis_os.o
 .debug_info    0x000000000001c611      0xb82 Middlewares/Third_Party/FreeRTOS/Source/list.o
 .debug_info    0x000000000001d193     0x1ffc Middlewares/Third_Party/FreeRTOS/Source/queue.o
 .debug_info    0x000000000001f18f     0x2575 Middlewares/Third_Party/FreeRTOS/Source/tasks.o
 .debug_info    0x0000000000021704      0x4f1 Middlewares/Third_Party/FreeRTOS/Source/portable/GCC/ARM_CM4F/port.o
 .debug_info    0x0000000000021bf5      0xd8a Middlewares/Third_Party/FreeRTOS/Source/portable/MemMang/heap_4.o

.debug_abbrev   0x0000000000000000     0x405a
 .debug_abbrev  0x0000000000000000      0x1ce Core/Src/adc.o
 .debug_abbrev  0x00000000000001ce      0x13b Core/Src/dma.o
 .debug_abbrev  0x0000000000000309      0x202 Core/Src/freertos.o
 .debug_abbrev  0x000000000000050b      0x14e Core/Src/gpio.o
 .debug_abbrev  0x0000000000000659      0x1eb Core/Src/main.o
 .debug_abbrev  0x0000000000000844      0x146 Core/Src/stm32l4xx_hal_msp.o
 .debug_abbrev  0x000000000000098a      0x1bf Core/Src/stm32l4xx_hal_timebase_tim.o
 .debug_abbrev  0x0000000000000b49      0x176 Core/Src/stm32l4xx_it.o
 .debug_abbrev  0x0000000000000cbf      0x165 Core/Src/system_stm32l4xx.o
 .debug_abbrev  0x0000000000000e24      0x1dd Core/Src/usart.o
 .debug_abbrev  0x0000000000001001       0x12 Core/Startup/startup_stm32l476rgtx.o
 .debug_abbrev  0x0000000000001013      0x227 Drivers/STM32L4xx_HAL_Driver/Src/stm32l4xx_hal.o
 .debug_abbrev  0x000000000000123a      0x291 Drivers/STM32L4xx_HAL_Driver/Src/stm32l4xx_hal_adc.o
 .debug_abbrev  0x00000000000014cb      0x2ac Drivers/STM32L4xx_HAL_Driver/Src/stm32l4xx_hal_adc_ex.o
 .debug_abbrev  0x0000000000001777      0x33c Drivers/STM32L4xx_HAL_Driver/Src/stm32l4xx_hal_cortex.o
 .debug_abbrev  0x0000000000001ab3      0x201 Drivers/STM32L4xx_HAL_Driver/Src/stm32l4xx_hal_dma.o
 .debug_abbrev  0x0000000000001cb4      0x1e8 Drivers/STM32L4xx_HAL_Driver/Src/stm32l4xx_hal_gpio.o
 .debug_abbrev  0x0000000000001e9c      0x1ab Drivers/STM32L4xx_HAL_Driver/Src/stm32l4xx_hal_pwr.o
 .debug_abbrev  0x0000000000002047      0x1f3 Drivers/STM32L4xx_HAL_Driver/Src/stm32l4xx_hal_pwr_ex.o
 .debug_abbrev  0x000000000000223a      0x275 Drivers/STM32L4xx_HAL_Driver/Src/stm32l4xx_hal_rcc.o
 .debug_abbrev  0x00000000000024af      0x268 Drivers/STM32L4xx_HAL_Driver/Src/stm32l4xx_hal_rcc_ex.o
 .debug_abbrev  0x0000000000002717      0x25e Drivers/STM32L4xx_HAL_Driver/Src/stm32l4xx_hal_tim.o
 .debug_abbrev  0x0000000000002975      0x266 Drivers/STM32L4xx_HAL_Driver/Src/stm32l4xx_hal_tim_ex.o
 .debug_abbrev  0x0000000000002bdb      0x2b3 Drivers/STM32L4xx_HAL_Driver/Src/stm32l4xx_hal_uart.o
 .debug_abbrev  0x0000000000002e8e      0x3d1 Middlewares/Third_Party/FreeRTOS/Source/CMSIS_RTOS/cmsis_os.o
 .debug_abbrev  0x000000000000325f      0x1f7 Middlewares/Third_Party/FreeRTOS/Source/list.o
 .debug_abbrev  0x0000000000003456      0x380 Middlewares/Third_Party/FreeRTOS/Source/queue.o
 .debug_abbrev  0x00000000000037d6      0x380 Middlewares/Third_Party/FreeRTOS/Source/tasks.o
 .debug_abbrev  0x0000000000003b56      0x231 Middlewares/Third_Party/FreeRTOS/Source/portable/GCC/ARM_CM4F/port.o
 .debug_abbrev  0x0000000000003d87      0x2d3 Middlewares/Third_Party/FreeRTOS/Source/portable/MemMang/heap_4.o

.debug_aranges  0x0000000000000000     0x1998
 .debug_aranges
                0x0000000000000000       0x30 Core/Src/adc.o
 .debug_aranges
                0x0000000000000030       0x20 Core/Src/dma.o
 .debug_aranges
                0x0000000000000050       0x40 Core/Src/freertos.o
 .debug_aranges
                0x0000000000000090       0x20 Core/Src/gpio.o
 .debug_aranges
                0x00000000000000b0       0x38 Core/Src/main.o
 .debug_aranges
                0x00000000000000e8       0x20 Core/Src/stm32l4xx_hal_msp.o
 .debug_aranges
                0x0000000000000108       0x30 Core/Src/stm32l4xx_hal_timebase_tim.o
 .debug_aranges
                0x0000000000000138       0x58 Core/Src/stm32l4xx_it.o
 .debug_aranges
                0x0000000000000190       0x28 Core/Src/system_stm32l4xx.o
 .debug_aranges
                0x00000000000001b8       0x50 Core/Src/usart.o
 .debug_aranges
                0x0000000000000208       0x28 Core/Startup/startup_stm32l476rgtx.o
 .debug_aranges
                0x0000000000000230      0x130 Drivers/STM32L4xx_HAL_Driver/Src/stm32l4xx_hal.o
 .debug_aranges
                0x0000000000000360      0x220 Drivers/STM32L4xx_HAL_Driver/Src/stm32l4xx_hal_adc.o
 .debug_aranges
                0x0000000000000580      0x1a8 Drivers/STM32L4xx_HAL_Driver/Src/stm32l4xx_hal_adc_ex.o
 .debug_aranges
                0x0000000000000728      0x118 Drivers/STM32L4xx_HAL_Driver/Src/stm32l4xx_hal_cortex.o
 .debug_aranges
                0x0000000000000840       0x80 Drivers/STM32L4xx_HAL_Driver/Src/stm32l4xx_hal_dma.o
 .debug_aranges
                0x00000000000008c0       0x58 Drivers/STM32L4xx_HAL_Driver/Src/stm32l4xx_hal_gpio.o
 .debug_aranges
                0x0000000000000918       0x98 Drivers/STM32L4xx_HAL_Driver/Src/stm32l4xx_hal_pwr.o
 .debug_aranges
                0x00000000000009b0      0x160 Drivers/STM32L4xx_HAL_Driver/Src/stm32l4xx_hal_pwr_ex.o
 .debug_aranges
                0x0000000000000b10       0x90 Drivers/STM32L4xx_HAL_Driver/Src/stm32l4xx_hal_rcc.o
 .debug_aranges
                0x0000000000000ba0       0xc0 Drivers/STM32L4xx_HAL_Driver/Src/stm32l4xx_hal_rcc_ex.o
 .debug_aranges
                0x0000000000000c60      0x3e0 Drivers/STM32L4xx_HAL_Driver/Src/stm32l4xx_hal_tim.o
 .debug_aranges
                0x0000000000001040      0x180 Drivers/STM32L4xx_HAL_Driver/Src/stm32l4xx_hal_tim_ex.o
 .debug_aranges
                0x00000000000011c0      0x228 Drivers/STM32L4xx_HAL_Driver/Src/stm32l4xx_hal_uart.o
 .debug_aranges
                0x00000000000013e8      0x1d8 Middlewares/Third_Party/FreeRTOS/Source/CMSIS_RTOS/cmsis_os.o
 .debug_aranges
                0x00000000000015c0       0x40 Middlewares/Third_Party/FreeRTOS/Source/list.o
 .debug_aranges
                0x0000000000001600      0x108 Middlewares/Third_Party/FreeRTOS/Source/queue.o
 .debug_aranges
                0x0000000000001708      0x1b8 Middlewares/Third_Party/FreeRTOS/Source/tasks.o
 .debug_aranges
                0x00000000000018c0       0x80 Middlewares/Third_Party/FreeRTOS/Source/portable/GCC/ARM_CM4F/port.o
 .debug_aranges
                0x0000000000001940       0x58 Middlewares/Third_Party/FreeRTOS/Source/portable/MemMang/heap_4.o

.debug_ranges   0x0000000000000000     0x17f0
 .debug_ranges  0x0000000000000000       0x20 Core/Src/adc.o
 .debug_ranges  0x0000000000000020       0x10 Core/Src/dma.o
 .debug_ranges  0x0000000000000030       0x30 Core/Src/freertos.o
 .debug_ranges  0x0000000000000060       0x10 Core/Src/gpio.o
 .debug_ranges  0x0000000000000070       0x28 Core/Src/main.o
 .debug_ranges  0x0000000000000098       0x10 Core/Src/stm32l4xx_hal_msp.o
 .debug_ranges  0x00000000000000a8       0x20 Core/Src/stm32l4xx_hal_timebase_tim.o
 .debug_ranges  0x00000000000000c8       0x48 Core/Src/stm32l4xx_it.o
 .debug_ranges  0x0000000000000110       0x18 Core/Src/system_stm32l4xx.o
 .debug_ranges  0x0000000000000128       0x40 Core/Src/usart.o
 .debug_ranges  0x0000000000000168       0x20 Core/Startup/startup_stm32l476rgtx.o
 .debug_ranges  0x0000000000000188      0x120 Drivers/STM32L4xx_HAL_Driver/Src/stm32l4xx_hal.o
 .debug_ranges  0x00000000000002a8      0x210 Drivers/STM32L4xx_HAL_Driver/Src/stm32l4xx_hal_adc.o
 .debug_ranges  0x00000000000004b8      0x198 Drivers/STM32L4xx_HAL_Driver/Src/stm32l4xx_hal_adc_ex.o
 .debug_ranges  0x0000000000000650      0x108 Drivers/STM32L4xx_HAL_Driver/Src/stm32l4xx_hal_cortex.o
 .debug_ranges  0x0000000000000758       0x70 Drivers/STM32L4xx_HAL_Driver/Src/stm32l4xx_hal_dma.o
 .debug_ranges  0x00000000000007c8       0x48 Drivers/STM32L4xx_HAL_Driver/Src/stm32l4xx_hal_gpio.o
 .debug_ranges  0x0000000000000810       0x88 Drivers/STM32L4xx_HAL_Driver/Src/stm32l4xx_hal_pwr.o
 .debug_ranges  0x0000000000000898      0x150 Drivers/STM32L4xx_HAL_Driver/Src/stm32l4xx_hal_pwr_ex.o
 .debug_ranges  0x00000000000009e8       0x80 Drivers/STM32L4xx_HAL_Driver/Src/stm32l4xx_hal_rcc.o
 .debug_ranges  0x0000000000000a68       0xb0 Drivers/STM32L4xx_HAL_Driver/Src/stm32l4xx_hal_rcc_ex.o
 .debug_ranges  0x0000000000000b18      0x3d0 Drivers/STM32L4xx_HAL_Driver/Src/stm32l4xx_hal_tim.o
 .debug_ranges  0x0000000000000ee8      0x170 Drivers/STM32L4xx_HAL_Driver/Src/stm32l4xx_hal_tim_ex.o
 .debug_ranges  0x0000000000001058      0x248 Drivers/STM32L4xx_HAL_Driver/Src/stm32l4xx_hal_uart.o
 .debug_ranges  0x00000000000012a0      0x1c8 Middlewares/Third_Party/FreeRTOS/Source/CMSIS_RTOS/cmsis_os.o
 .debug_ranges  0x0000000000001468       0x30 Middlewares/Third_Party/FreeRTOS/Source/list.o
 .debug_ranges  0x0000000000001498       0xf8 Middlewares/Third_Party/FreeRTOS/Source/queue.o
 .debug_ranges  0x0000000000001590      0x1a8 Middlewares/Third_Party/FreeRTOS/Source/tasks.o
 .debug_ranges  0x0000000000001738       0x70 Middlewares/Third_Party/FreeRTOS/Source/portable/GCC/ARM_CM4F/port.o
 .debug_ranges  0x00000000000017a8       0x48 Middlewares/Third_Party/FreeRTOS/Source/portable/MemMang/heap_4.o

.debug_macro    0x0000000000000000    0x2a770
 .debug_macro   0x0000000000000000      0x1fc Core/Src/adc.o
 .debug_macro   0x00000000000001fc      0xaa8 Core/Src/adc.o
 .debug_macro   0x0000000000000ca4      0x1ad Core/Src/adc.o
 .debug_macro   0x0000000000000e51       0x2e Core/Src/adc.o
 .debug_macro   0x0000000000000e7f       0x28 Core/Src/adc.o
 .debug_macro   0x0000000000000ea7       0x22 Core/Src/adc.o
 .debug_macro   0x0000000000000ec9       0x8e Core/Src/adc.o
 .debug_macro   0x0000000000000f57       0x51 Core/Src/adc.o
 .debug_macro   0x0000000000000fa8      0x103 Core/Src/adc.o
 .debug_macro   0x00000000000010ab       0x6a Core/Src/adc.o
 .debug_macro   0x0000000000001115      0x1df Core/Src/adc.o
 .debug_macro   0x00000000000012f4       0x1c Core/Src/adc.o
 .debug_macro   0x0000000000001310       0x22 Core/Src/adc.o
 .debug_macro   0x0000000000001332      0x101 Core/Src/adc.o
 .debug_macro   0x0000000000001433     0x1011 Core/Src/adc.o
 .debug_macro   0x0000000000002444      0x11f Core/Src/adc.o
 .debug_macro   0x0000000000002563    0x1a17a Core/Src/adc.o
 .debug_macro   0x000000000001c6dd       0x6d Core/Src/adc.o
 .debug_macro   0x000000000001c74a     0x38e6 Core/Src/adc.o
 .debug_macro   0x0000000000020030      0x174 Core/Src/adc.o
 .debug_macro   0x00000000000201a4       0x5c Core/Src/adc.o
 .debug_macro   0x0000000000020200     0x159e Core/Src/adc.o
 .debug_macro   0x000000000002179e      0x5a5 Core/Src/adc.o
 .debug_macro   0x0000000000021d43      0x1b9 Core/Src/adc.o
 .debug_macro   0x0000000000021efc      0x18b Core/Src/adc.o
 .debug_macro   0x0000000000022087      0x26b Core/Src/adc.o
 .debug_macro   0x00000000000222f2      0x23d Core/Src/adc.o
 .debug_macro   0x000000000002252f      0xf8a Core/Src/adc.o
 .debug_macro   0x00000000000234b9      0x632 Core/Src/adc.o
 .debug_macro   0x0000000000023aeb      0x30c Core/Src/adc.o
 .debug_macro   0x0000000000023df7      0x241 Core/Src/adc.o
 .debug_macro   0x0000000000024038      0x37c Core/Src/adc.o
 .debug_macro   0x00000000000243b4       0xd6 Core/Src/adc.o
 .debug_macro   0x000000000002448a      0x122 Core/Src/adc.o
 .debug_macro   0x00000000000245ac      0x3ef Core/Src/adc.o
 .debug_macro   0x000000000002499b      0xa91 Core/Src/adc.o
 .debug_macro   0x000000000002542c      0x1e6 Core/Src/adc.o
 .debug_macro   0x0000000000025612      0x5ba Core/Src/adc.o
 .debug_macro   0x0000000000025bcc       0x44 Core/Src/adc.o
 .debug_macro   0x0000000000025c10      0x330 Core/Src/adc.o
 .debug_macro   0x0000000000025f40       0x70 Core/Src/adc.o
 .debug_macro   0x0000000000025fb0      0x1fc Core/Src/dma.o
 .debug_macro   0x00000000000261ac      0x2c2 Core/Src/freertos.o
 .debug_macro   0x000000000002646e       0xea Core/Src/freertos.o
 .debug_macro   0x0000000000026558      0x15a Core/Src/freertos.o
 .debug_macro   0x00000000000266b2       0xde Core/Src/freertos.o
 .debug_macro   0x0000000000026790       0x1c Core/Src/freertos.o
 .debug_macro   0x00000000000267ac       0x26 Core/Src/freertos.o
 .debug_macro   0x00000000000267d2      0x504 Core/Src/freertos.o
 .debug_macro   0x0000000000026cd6       0xb5 Core/Src/freertos.o
 .debug_macro   0x0000000000026d8b       0xaa Core/Src/freertos.o
 .debug_macro   0x0000000000026e35       0x91 Core/Src/freertos.o
 .debug_macro   0x0000000000026ec6       0x8d Core/Src/freertos.o
 .debug_macro   0x0000000000026f53       0x7e Core/Src/freertos.o
 .debug_macro   0x0000000000026fd1       0x19 Core/Src/freertos.o
 .debug_macro   0x0000000000026fea       0xf2 Core/Src/freertos.o
 .debug_macro   0x00000000000270dc       0x10 Core/Src/freertos.o
 .debug_macro   0x00000000000270ec      0x1fc Core/Src/gpio.o
 .debug_macro   0x00000000000272e8      0x2d0 Core/Src/main.o
 .debug_macro   0x00000000000275b8       0xea Core/Src/main.o
 .debug_macro   0x00000000000276a2       0x16 Core/Src/main.o
 .debug_macro   0x00000000000276b8      0x1f2 Core/Src/stm32l4xx_hal_msp.o
 .debug_macro   0x00000000000278aa      0x1e3 Core/Src/stm32l4xx_hal_timebase_tim.o
 .debug_macro   0x0000000000027a8d      0x1fc Core/Src/stm32l4xx_it.o
 .debug_macro   0x0000000000027c89      0x1e3 Core/Src/system_stm32l4xx.o
 .debug_macro   0x0000000000027e6c      0x201 Core/Src/usart.o
 .debug_macro   0x000000000002806d      0x231 Drivers/STM32L4xx_HAL_Driver/Src/stm32l4xx_hal.o
 .debug_macro   0x000000000002829e      0x200 Drivers/STM32L4xx_HAL_Driver/Src/stm32l4xx_hal_adc.o
 .debug_macro   0x000000000002849e      0x1ef Drivers/STM32L4xx_HAL_Driver/Src/stm32l4xx_hal_adc_ex.o
 .debug_macro   0x000000000002868d      0x1e3 Drivers/STM32L4xx_HAL_Driver/Src/stm32l4xx_hal_cortex.o
 .debug_macro   0x0000000000028870      0x1e3 Drivers/STM32L4xx_HAL_Driver/Src/stm32l4xx_hal_dma.o
 .debug_macro   0x0000000000028a53      0x1ea Drivers/STM32L4xx_HAL_Driver/Src/stm32l4xx_hal_gpio.o
 .debug_macro   0x0000000000028c3d      0x1fb Drivers/STM32L4xx_HAL_Driver/Src/stm32l4xx_hal_pwr.o
 .debug_macro   0x0000000000028e38      0x207 Drivers/STM32L4xx_HAL_Driver/Src/stm32l4xx_hal_pwr_ex.o
 .debug_macro   0x000000000002903f      0x225 Drivers/STM32L4xx_HAL_Driver/Src/stm32l4xx_hal_rcc.o
 .debug_macro   0x0000000000029264      0x219 Drivers/STM32L4xx_HAL_Driver/Src/stm32l4xx_hal_rcc_ex.o
 .debug_macro   0x000000000002947d      0x1e4 Drivers/STM32L4xx_HAL_Driver/Src/stm32l4xx_hal_tim.o
 .debug_macro   0x0000000000029661      0x1e3 Drivers/STM32L4xx_HAL_Driver/Src/stm32l4xx_hal_tim_ex.o
 .debug_macro   0x0000000000029844      0x20e Drivers/STM32L4xx_HAL_Driver/Src/stm32l4xx_hal_uart.o
 .debug_macro   0x0000000000029a52      0x1fe Middlewares/Third_Party/FreeRTOS/Source/CMSIS_RTOS/cmsis_os.o
 .debug_macro   0x0000000000029c50       0x10 Middlewares/Third_Party/FreeRTOS/Source/CMSIS_RTOS/cmsis_os.o
 .debug_macro   0x0000000000029c60       0x20 Middlewares/Third_Party/FreeRTOS/Source/CMSIS_RTOS/cmsis_os.o
 .debug_macro   0x0000000000029c80       0xe9 Middlewares/Third_Party/FreeRTOS/Source/CMSIS_RTOS/cmsis_os.o
 .debug_macro   0x0000000000029d69      0x187 Middlewares/Third_Party/FreeRTOS/Source/list.o
 .debug_macro   0x0000000000029ef0      0x216 Middlewares/Third_Party/FreeRTOS/Source/queue.o
 .debug_macro   0x000000000002a106       0x16 Middlewares/Third_Party/FreeRTOS/Source/queue.o
 .debug_macro   0x000000000002a11c       0x87 Middlewares/Third_Party/FreeRTOS/Source/queue.o
 .debug_macro   0x000000000002a1a3      0x279 Middlewares/Third_Party/FreeRTOS/Source/tasks.o
 .debug_macro   0x000000000002a41c       0x10 Middlewares/Third_Party/FreeRTOS/Source/tasks.o
 .debug_macro   0x000000000002a42c      0x196 Middlewares/Third_Party/FreeRTOS/Source/portable/GCC/ARM_CM4F/port.o
 .debug_macro   0x000000000002a5c2      0x1ae Middlewares/Third_Party/FreeRTOS/Source/portable/MemMang/heap_4.o

.debug_line     0x0000000000000000    0x1d373
 .debug_line    0x0000000000000000      0x820 Core/Src/adc.o
 .debug_line    0x0000000000000820      0x70a Core/Src/dma.o
 .debug_line    0x0000000000000f2a      0x949 Core/Src/freertos.o
 .debug_line    0x0000000000001873      0x728 Core/Src/gpio.o
 .debug_line    0x0000000000001f9b      0x955 Core/Src/main.o
 .debug_line    0x00000000000028f0      0x710 Core/Src/stm32l4xx_hal_msp.o
 .debug_line    0x0000000000003000      0x787 Core/Src/stm32l4xx_hal_timebase_tim.o
 .debug_line    0x0000000000003787      0x7c3 Core/Src/stm32l4xx_it.o
 .debug_line    0x0000000000003f4a      0x7a4 Core/Src/system_stm32l4xx.o
 .debug_line    0x00000000000046ee      0x7ff Core/Src/usart.o
 .debug_line    0x0000000000004eed       0x88 Core/Startup/startup_stm32l476rgtx.o
 .debug_line    0x0000000000004f75      0xafe Drivers/STM32L4xx_HAL_Driver/Src/stm32l4xx_hal.o
 .debug_line    0x0000000000005a73     0x1e6b Drivers/STM32L4xx_HAL_Driver/Src/stm32l4xx_hal_adc.o
 .debug_line    0x00000000000078de     0x1880 Drivers/STM32L4xx_HAL_Driver/Src/stm32l4xx_hal_adc_ex.o
 .debug_line    0x000000000000915e      0xca5 Drivers/STM32L4xx_HAL_Driver/Src/stm32l4xx_hal_cortex.o
 .debug_line    0x0000000000009e03      0xcdd Drivers/STM32L4xx_HAL_Driver/Src/stm32l4xx_hal_dma.o
 .debug_line    0x000000000000aae0      0xb72 Drivers/STM32L4xx_HAL_Driver/Src/stm32l4xx_hal_gpio.o
 .debug_line    0x000000000000b652      0x8db Drivers/STM32L4xx_HAL_Driver/Src/stm32l4xx_hal_pwr.o
 .debug_line    0x000000000000bf2d      0xcea Drivers/STM32L4xx_HAL_Driver/Src/stm32l4xx_hal_pwr_ex.o
 .debug_line    0x000000000000cc17      0xf77 Drivers/STM32L4xx_HAL_Driver/Src/stm32l4xx_hal_rcc.o
 .debug_line    0x000000000000db8e     0x14b7 Drivers/STM32L4xx_HAL_Driver/Src/stm32l4xx_hal_rcc_ex.o
 .debug_line    0x000000000000f045     0x3d5c Drivers/STM32L4xx_HAL_Driver/Src/stm32l4xx_hal_tim.o
 .debug_line    0x0000000000012da1     0x1bfd Drivers/STM32L4xx_HAL_Driver/Src/stm32l4xx_hal_tim_ex.o
 .debug_line    0x000000000001499e     0x327b Drivers/STM32L4xx_HAL_Driver/Src/stm32l4xx_hal_uart.o
 .debug_line    0x0000000000017c19     0x11c4 Middlewares/Third_Party/FreeRTOS/Source/CMSIS_RTOS/cmsis_os.o
 .debug_line    0x0000000000018ddd      0x70b Middlewares/Third_Party/FreeRTOS/Source/list.o
 .debug_line    0x00000000000194e8     0x148c Middlewares/Third_Party/FreeRTOS/Source/queue.o
 .debug_line    0x000000000001a974     0x191b Middlewares/Third_Party/FreeRTOS/Source/tasks.o
 .debug_line    0x000000000001c28f      0x7af Middlewares/Third_Party/FreeRTOS/Source/portable/GCC/ARM_CM4F/port.o
 .debug_line    0x000000000001ca3e      0x935 Middlewares/Third_Party/FreeRTOS/Source/portable/MemMang/heap_4.o

.debug_str      0x0000000000000000   0x10e422
 .debug_str     0x0000000000000000    0xfc834 Core/Src/adc.o
                                      0xfce31 (size before relaxing)
 .debug_str     0x00000000000fc834      0x468 Core/Src/dma.o
                                      0xfcaed (size before relaxing)
 .debug_str     0x00000000000fcc9c     0x65f6 Core/Src/freertos.o
                                     0x102fd2 (size before relaxing)
 .debug_str     0x0000000000103292       0x48 Core/Src/gpio.o
                                      0xfc6b1 (size before relaxing)
 .debug_str     0x00000000001032da      0x46a Core/Src/main.o
                                     0x1030c9 (size before relaxing)
 .debug_str     0x0000000000103744       0x2c Core/Src/stm32l4xx_hal_msp.o
                                      0xfcaf0 (size before relaxing)
 .debug_str     0x0000000000103770       0xba Core/Src/stm32l4xx_hal_timebase_tim.o
                                      0xfcf1c (size before relaxing)
 .debug_str     0x000000000010382a       0xbb Core/Src/stm32l4xx_it.o
                                      0xfca25 (size before relaxing)
 .debug_str     0x00000000001038e5       0xb8 Core/Src/system_stm32l4xx.o
                                      0xfc4e8 (size before relaxing)
 .debug_str     0x000000000010399d       0x93 Core/Src/usart.o
                                      0xfcd85 (size before relaxing)
 .debug_str     0x0000000000103a30       0x36 Core/Startup/startup_stm32l476rgtx.o
                                         0x58 (size before relaxing)
 .debug_str     0x0000000000103a66      0x56f Drivers/STM32L4xx_HAL_Driver/Src/stm32l4xx_hal.o
                                      0xfcfe7 (size before relaxing)
 .debug_str     0x0000000000103fd5      0x9e3 Drivers/STM32L4xx_HAL_Driver/Src/stm32l4xx_hal_adc.o
                                      0xfd25c (size before relaxing)
 .debug_str     0x00000000001049b8      0x705 Drivers/STM32L4xx_HAL_Driver/Src/stm32l4xx_hal_adc_ex.o
                                      0xfd239 (size before relaxing)
 .debug_str     0x00000000001050bd      0x380 Drivers/STM32L4xx_HAL_Driver/Src/stm32l4xx_hal_cortex.o
                                      0xfcd57 (size before relaxing)
 .debug_str     0x000000000010543d      0x253 Drivers/STM32L4xx_HAL_Driver/Src/stm32l4xx_hal_dma.o
                                      0xfc75b (size before relaxing)
 .debug_str     0x0000000000105690      0x161 Drivers/STM32L4xx_HAL_Driver/Src/stm32l4xx_hal_gpio.o
                                      0xfc6ad (size before relaxing)
 .debug_str     0x00000000001057f1      0x2e7 Drivers/STM32L4xx_HAL_Driver/Src/stm32l4xx_hal_pwr.o
                                      0xfc81a (size before relaxing)
 .debug_str     0x0000000000105ad8      0x469 Drivers/STM32L4xx_HAL_Driver/Src/stm32l4xx_hal_pwr_ex.o
                                      0xfca59 (size before relaxing)
 .debug_str     0x0000000000105f41      0x3c8 Drivers/STM32L4xx_HAL_Driver/Src/stm32l4xx_hal_rcc.o
                                      0xfcae2 (size before relaxing)
 .debug_str     0x0000000000106309      0x3a6 Drivers/STM32L4xx_HAL_Driver/Src/stm32l4xx_hal_rcc_ex.o
                                      0xfcc56 (size before relaxing)
 .debug_str     0x00000000001066af      0xe49 Drivers/STM32L4xx_HAL_Driver/Src/stm32l4xx_hal_tim.o
                                      0xfd78b (size before relaxing)
 .debug_str     0x00000000001074f8      0x652 Drivers/STM32L4xx_HAL_Driver/Src/stm32l4xx_hal_tim_ex.o
                                      0xfd05d (size before relaxing)
 .debug_str     0x0000000000107b4a      0x8c4 Drivers/STM32L4xx_HAL_Driver/Src/stm32l4xx_hal_uart.o
                                      0xfd16a (size before relaxing)
 .debug_str     0x000000000010840e     0x3947 Middlewares/Third_Party/FreeRTOS/Source/CMSIS_RTOS/cmsis_os.o
                                       0xe5dd (size before relaxing)
 .debug_str     0x000000000010bd55      0x219 Middlewares/Third_Party/FreeRTOS/Source/list.o
                                       0xab49 (size before relaxing)
 .debug_str     0x000000000010bf6e      0x80e Middlewares/Third_Party/FreeRTOS/Source/queue.o
                                       0xc353 (size before relaxing)
 .debug_str     0x000000000010c77c     0x115f Middlewares/Third_Party/FreeRTOS/Source/tasks.o
                                       0xcdb3 (size before relaxing)
 .debug_str     0x000000000010d8db      0x803 Middlewares/Third_Party/FreeRTOS/Source/portable/GCC/ARM_CM4F/port.o
                                       0x8688 (size before relaxing)
 .debug_str     0x000000000010e0de      0x344 Middlewares/Third_Party/FreeRTOS/Source/portable/MemMang/heap_4.o
                                       0xb43c (size before relaxing)

.comment        0x0000000000000000       0x53
 .comment       0x0000000000000000       0x53 Core/Src/adc.o
                                         0x54 (size before relaxing)
 .comment       0x0000000000000053       0x54 Core/Src/dma.o
 .comment       0x0000000000000053       0x54 Core/Src/freertos.o
 .comment       0x0000000000000053       0x54 Core/Src/gpio.o
 .comment       0x0000000000000053       0x54 Core/Src/main.o
 .comment       0x0000000000000053       0x54 Core/Src/stm32l4xx_hal_msp.o
 .comment       0x0000000000000053       0x54 Core/Src/stm32l4xx_hal_timebase_tim.o
 .comment       0x0000000000000053       0x54 Core/Src/stm32l4xx_it.o
 .comment       0x0000000000000053       0x54 Core/Src/system_stm32l4xx.o
 .comment       0x0000000000000053       0x54 Core/Src/usart.o
 .comment       0x0000000000000053       0x54 Drivers/STM32L4xx_HAL_Driver/Src/stm32l4xx_hal.o
 .comment       0x0000000000000053       0x54 Drivers/STM32L4xx_HAL_Driver/Src/stm32l4xx_hal_adc.o
 .comment       0x0000000000000053       0x54 Drivers/STM32L4xx_HAL_Driver/Src/stm32l4xx_hal_adc_ex.o
 .comment       0x0000000000000053       0x54 Drivers/STM32L4xx_HAL_Driver/Src/stm32l4xx_hal_cortex.o
 .comment       0x0000000000000053       0x54 Drivers/STM32L4xx_HAL_Driver/Src/stm32l4xx_hal_dma.o
 .comment       0x0000000000000053       0x54 Drivers/STM32L4xx_HAL_Driver/Src/stm32l4xx_hal_gpio.o
 .comment       0x0000000000000053       0x54 Drivers/STM32L4xx_HAL_Driver/Src/stm32l4xx_hal_pwr.o
 .comment       0x0000000000000053       0x54 Drivers/STM32L4xx_HAL_Driver/Src/stm32l4xx_hal_pwr_ex.o
 .comment       0x0000000000000053       0x54 Drivers/STM32L4xx_HAL_Driver/Src/stm32l4xx_hal_rcc.o
 .comment       0x0000000000000053       0x54 Drivers/STM32L4xx_HAL_Driver/Src/stm32l4xx_hal_rcc_ex.o
 .comment       0x0000000000000053       0x54 Drivers/STM32L4xx_HAL_Driver/Src/stm32l4xx_hal_tim.o
 .comment       0x0000000000000053       0x54 Drivers/STM32L4xx_HAL_Driver/Src/stm32l4xx_hal_tim_ex.o
 .comment       0x0000000000000053       0x54 Drivers/STM32L4xx_HAL_Driver/Src/stm32l4xx_hal_uart.o
 .comment       0x0000000000000053       0x54 Middlewares/Third_Party/FreeRTOS/Source/CMSIS_RTOS/cmsis_os.o
 .comment       0x0000000000000053       0x54 Middlewares/Third_Party/FreeRTOS/Source/list.o
 .comment       0x0000000000000053       0x54 Middlewares/Third_Party/FreeRTOS/Source/queue.o
 .comment       0x0000000000000053       0x54 Middlewares/Third_Party/FreeRTOS/Source/tasks.o
 .comment       0x0000000000000053       0x54 Middlewares/Third_Party/FreeRTOS/Source/portable/GCC/ARM_CM4F/port.o
 .comment       0x0000000000000053       0x54 Middlewares/Third_Party/FreeRTOS/Source/portable/MemMang/heap_4.o

.debug_frame    0x0000000000000000     0x6b34
 .debug_frame   0x0000000000000000       0x80 Core/Src/adc.o
 .debug_frame   0x0000000000000080       0x34 Core/Src/dma.o
 .debug_frame   0x00000000000000b4       0xc0 Core/Src/freertos.o